[0.569s] Invoking command in '/home/atharv/swarm_ws/src/drone_mapping': DEBUGINFOD_URLS=https://debuginfod.ubuntu.com PYTHONPATH=/home/atharv/swarm_ws/build/drone_mapping/prefix_override:/usr/lib/python3/dist-packages/colcon_core/task/python/colcon_distutils_commands:/home/atharv/swarm_ws/install/drone_mapping/lib/python3.12/site-packages:${PYTHONPATH} /usr/bin/python3 -W ignore:setup.py install is deprecated -W ignore:easy_install command is deprecated setup.py egg_info --egg-base ../../build/drone_mapping build --build-base /home/atharv/swarm_ws/build/drone_mapping/build install --record /home/atharv/swarm_ws/build/drone_mapping/install.log --install-scripts $base/lib/drone_mapping --single-version-externally-managed install_data
[0.781s] running egg_info
[0.799s] writing ../../build/drone_mapping/drone_mapping.egg-info/PKG-INFO
[0.799s] writing dependency_links to ../../build/drone_mapping/drone_mapping.egg-info/dependency_links.txt
[0.799s] writing entry points to ../../build/drone_mapping/drone_mapping.egg-info/entry_points.txt
[0.799s] writing requirements to ../../build/drone_mapping/drone_mapping.egg-info/requires.txt
[0.800s] writing top-level names to ../../build/drone_mapping/drone_mapping.egg-info/top_level.txt
[0.829s] reading manifest file '../../build/drone_mapping/drone_mapping.egg-info/SOURCES.txt'
[0.830s] writing manifest file '../../build/drone_mapping/drone_mapping.egg-info/SOURCES.txt'
[0.831s] running build
[0.831s] running build_py
[0.831s] running install
[0.834s] running install_lib
[0.849s] running install_data
[0.849s] copying launch/beta_stack.launch.py -> /home/atharv/swarm_ws/install/drone_mapping/share/drone_mapping/launch
[0.849s] running install_egg_info
[0.863s] removing '/home/atharv/swarm_ws/install/drone_mapping/lib/python3.12/site-packages/drone_mapping-0.0.0-py3.12.egg-info' (and everything under it)
[0.863s] Copying ../../build/drone_mapping/drone_mapping.egg-info to /home/atharv/swarm_ws/install/drone_mapping/lib/python3.12/site-packages/drone_mapping-0.0.0-py3.12.egg-info
[0.864s] running install_scripts
[0.892s] Installing optical_flow script to /home/atharv/swarm_ws/install/drone_mapping/lib/drone_mapping
[0.892s] Installing pose_to_tf script to /home/atharv/swarm_ws/install/drone_mapping/lib/drone_mapping
[0.893s] Installing vio_to_ardupilot script to /home/atharv/swarm_ws/install/drone_mapping/lib/drone_mapping
[0.893s] writing list of installed files to '/home/atharv/swarm_ws/build/drone_mapping/install.log'
[0.915s] Invoked command in '/home/atharv/swarm_ws/src/drone_mapping' returned '0': DEBUGINFOD_URLS=https://debuginfod.ubuntu.com PYTHONPATH=/home/atharv/swarm_ws/build/drone_mapping/prefix_override:/usr/lib/python3/dist-packages/colcon_core/task/python/colcon_distutils_commands:/home/atharv/swarm_ws/install/drone_mapping/lib/python3.12/site-packages:${PYTHONPATH} /usr/bin/python3 -W ignore:setup.py install is deprecated -W ignore:easy_install command is deprecated setup.py egg_info --egg-base ../../build/drone_mapping build --build-base /home/atharv/swarm_ws/build/drone_mapping/build install --record /home/atharv/swarm_ws/build/drone_mapping/install.log --install-scripts $base/lib/drone_mapping --single-version-externally-managed install_data
