running egg_info
writing ../../build/drone_mapping/drone_mapping.egg-info/PKG-INFO
writing dependency_links to ../../build/drone_mapping/drone_mapping.egg-info/dependency_links.txt
writing entry points to ../../build/drone_mapping/drone_mapping.egg-info/entry_points.txt
writing requirements to ../../build/drone_mapping/drone_mapping.egg-info/requires.txt
writing top-level names to ../../build/drone_mapping/drone_mapping.egg-info/top_level.txt
reading manifest file '../../build/drone_mapping/drone_mapping.egg-info/SOURCES.txt'
writing manifest file '../../build/drone_mapping/drone_mapping.egg-info/SOURCES.txt'
running build
running build_py
copying drone_mapping/vio_to_ardupilot.py -> /home/atharv/swarm_ws/build/drone_mapping/build/lib/drone_mapping
running install
running install_lib
copying /home/atharv/swarm_ws/build/drone_mapping/build/lib/drone_mapping/vio_to_ardupilot.py -> /home/atharv/swarm_ws/install/drone_mapping/lib/python3.12/site-packages/drone_mapping
byte-compiling /home/atharv/swarm_ws/install/drone_mapping/lib/python3.12/site-packages/drone_mapping/vio_to_ardupilot.py to vio_to_ardupilot.cpython-312.pyc
running install_data
running install_egg_info
removing '/home/atharv/swarm_ws/install/drone_mapping/lib/python3.12/site-packages/drone_mapping-0.0.0-py3.12.egg-info' (and everything under it)
Copying ../../build/drone_mapping/drone_mapping.egg-info to /home/atharv/swarm_ws/install/drone_mapping/lib/python3.12/site-packages/drone_mapping-0.0.0-py3.12.egg-info
running install_scripts
Installing optical_flow script to /home/atharv/swarm_ws/install/drone_mapping/lib/drone_mapping
Installing pose_to_tf script to /home/atharv/swarm_ws/install/drone_mapping/lib/drone_mapping
Installing vio_to_ardupilot script to /home/atharv/swarm_ws/install/drone_mapping/lib/drone_mapping
writing list of installed files to '/home/atharv/swarm_ws/build/drone_mapping/install.log'
