/home/atharv/.local/lib/python3.12/site-packages/setuptools/_distutils/dist.py:318: UserWarning: Unknown distribution option: 'tests_require'
  warnings.warn(msg)
running egg_info
writing ../../build/drone_control/drone_control.egg-info/PKG-INFO
writing dependency_links to ../../build/drone_control/drone_control.egg-info/dependency_links.txt
writing entry points to ../../build/drone_control/drone_control.egg-info/entry_points.txt
writing requirements to ../../build/drone_control/drone_control.egg-info/requires.txt
writing top-level names to ../../build/drone_control/drone_control.egg-info/top_level.txt
reading manifest file '../../build/drone_control/drone_control.egg-info/SOURCES.txt'
writing manifest file '../../build/drone_control/drone_control.egg-info/SOURCES.txt'
running build
running build_py
running install
running install_lib
running install_data
running install_egg_info
removing '/home/atharv/swarm_ws/install/drone_control/lib/python3.12/site-packages/drone_control-0.0.0-py3.12.egg-info' (and everything under it)
Copying ../../build/drone_control/drone_control.egg-info to /home/atharv/swarm_ws/install/drone_control/lib/python3.12/site-packages/drone_control-0.0.0-py3.12.egg-info
running install_scripts
Installing autonomous_script script to /home/atharv/swarm_ws/install/drone_control/lib/drone_control
Installing frontier_exploration script to /home/atharv/swarm_ws/install/drone_control/lib/drone_control
Installing teleop_node script to /home/atharv/swarm_ws/install/drone_control/lib/drone_control
writing list of installed files to '/home/atharv/swarm_ws/build/drone_control/install.log'
