[0.990s] Invoking command in '/home/atharv/swarm_ws/src/drone_control': DEBUGINFOD_URLS=https://debuginfod.ubuntu.com PYTHONPATH=/home/atharv/swarm_ws/build/drone_control/prefix_override:/usr/lib/python3/dist-packages/colcon_core/task/python/colcon_distutils_commands:/home/atharv/swarm_ws/install/drone_control/lib/python3.12/site-packages:${PYTHONPATH} /usr/bin/python3 -W ignore:setup.py install is deprecated -W ignore:easy_install command is deprecated setup.py egg_info --egg-base ../../build/drone_control build --build-base /home/atharv/swarm_ws/build/drone_control/build install --record /home/atharv/swarm_ws/build/drone_control/install.log --install-scripts $base/lib/drone_control --single-version-externally-managed install_data
[1.127s] /home/atharv/.local/lib/python3.12/site-packages/setuptools/_distutils/dist.py:318: UserWarning: Unknown distribution option: 'tests_require'
[1.127s]   warnings.warn(msg)
[1.225s] running egg_info
[1.240s] writing ../../build/drone_control/drone_control.egg-info/PKG-INFO
[1.241s] writing dependency_links to ../../build/drone_control/drone_control.egg-info/dependency_links.txt
[1.241s] writing entry points to ../../build/drone_control/drone_control.egg-info/entry_points.txt
[1.241s] writing requirements to ../../build/drone_control/drone_control.egg-info/requires.txt
[1.241s] writing top-level names to ../../build/drone_control/drone_control.egg-info/top_level.txt
[1.276s] reading manifest file '../../build/drone_control/drone_control.egg-info/SOURCES.txt'
[1.276s] writing manifest file '../../build/drone_control/drone_control.egg-info/SOURCES.txt'
[1.277s] running build
[1.277s] running build_py
[1.277s] running install
[1.280s] running install_lib
[1.297s] running install_data
[1.297s] running install_egg_info
[1.312s] removing '/home/atharv/swarm_ws/install/drone_control/lib/python3.12/site-packages/drone_control-0.0.0-py3.12.egg-info' (and everything under it)
[1.313s] Copying ../../build/drone_control/drone_control.egg-info to /home/atharv/swarm_ws/install/drone_control/lib/python3.12/site-packages/drone_control-0.0.0-py3.12.egg-info
[1.313s] running install_scripts
[1.345s] Installing autonomous_script script to /home/atharv/swarm_ws/install/drone_control/lib/drone_control
[1.346s] Installing frontier_exploration script to /home/atharv/swarm_ws/install/drone_control/lib/drone_control
[1.346s] Installing teleop_node script to /home/atharv/swarm_ws/install/drone_control/lib/drone_control
[1.346s] writing list of installed files to '/home/atharv/swarm_ws/build/drone_control/install.log'
[1.384s] Invoked command in '/home/atharv/swarm_ws/src/drone_control' returned '0': DEBUGINFOD_URLS=https://debuginfod.ubuntu.com PYTHONPATH=/home/atharv/swarm_ws/build/drone_control/prefix_override:/usr/lib/python3/dist-packages/colcon_core/task/python/colcon_distutils_commands:/home/atharv/swarm_ws/install/drone_control/lib/python3.12/site-packages:${PYTHONPATH} /usr/bin/python3 -W ignore:setup.py install is deprecated -W ignore:easy_install command is deprecated setup.py egg_info --egg-base ../../build/drone_control build --build-base /home/atharv/swarm_ws/build/drone_control/build install --record /home/atharv/swarm_ws/build/drone_control/install.log --install-scripts $base/lib/drone_control --single-version-externally-managed install_data
