running egg_info
creating ../../build/drone_control/drone_control.egg-info
writing ../../build/drone_control/drone_control.egg-info/PKG-INFO
writing dependency_links to ../../build/drone_control/drone_control.egg-info/dependency_links.txt
writing entry points to ../../build/drone_control/drone_control.egg-info/entry_points.txt
writing requirements to ../../build/drone_control/drone_control.egg-info/requires.txt
writing top-level names to ../../build/drone_control/drone_control.egg-info/top_level.txt
writing manifest file '../../build/drone_control/drone_control.egg-info/SOURCES.txt'
reading manifest file '../../build/drone_control/drone_control.egg-info/SOURCES.txt'
writing manifest file '../../build/drone_control/drone_control.egg-info/SOURCES.txt'
running build
running build_py
creating /home/atharv/swarm_ws/build/drone_control/build/lib/drone_control
copying drone_control/__init__.py -> /home/atharv/swarm_ws/build/drone_control/build/lib/drone_control
copying drone_control/teleop_node.py -> /home/atharv/swarm_ws/build/drone_control/build/lib/drone_control
copying drone_control/diagnostic_recorder.py -> /home/atharv/swarm_ws/build/drone_control/build/lib/drone_control
copying drone_control/autonomous_script.py -> /home/atharv/swarm_ws/build/drone_control/build/lib/drone_control
copying drone_control/hover_script.py -> /home/atharv/swarm_ws/build/drone_control/build/lib/drone_control
copying drone_control/scan_stabilizer.py -> /home/atharv/swarm_ws/build/drone_control/build/lib/drone_control
copying drone_control/frontier_exploration.py -> /home/atharv/swarm_ws/build/drone_control/build/lib/drone_control
copying drone_control/arm_disarm_script.py -> /home/atharv/swarm_ws/build/drone_control/build/lib/drone_control
running install
running install_lib
creating /home/atharv/swarm_ws/install/drone_control/lib/python3.12/site-packages/drone_control
copying /home/atharv/swarm_ws/build/drone_control/build/lib/drone_control/__init__.py -> /home/atharv/swarm_ws/install/drone_control/lib/python3.12/site-packages/drone_control
copying /home/atharv/swarm_ws/build/drone_control/build/lib/drone_control/teleop_node.py -> /home/atharv/swarm_ws/install/drone_control/lib/python3.12/site-packages/drone_control
copying /home/atharv/swarm_ws/build/drone_control/build/lib/drone_control/diagnostic_recorder.py -> /home/atharv/swarm_ws/install/drone_control/lib/python3.12/site-packages/drone_control
copying /home/atharv/swarm_ws/build/drone_control/build/lib/drone_control/autonomous_script.py -> /home/atharv/swarm_ws/install/drone_control/lib/python3.12/site-packages/drone_control
copying /home/atharv/swarm_ws/build/drone_control/build/lib/drone_control/hover_script.py -> /home/atharv/swarm_ws/install/drone_control/lib/python3.12/site-packages/drone_control
copying /home/atharv/swarm_ws/build/drone_control/build/lib/drone_control/scan_stabilizer.py -> /home/atharv/swarm_ws/install/drone_control/lib/python3.12/site-packages/drone_control
copying /home/atharv/swarm_ws/build/drone_control/build/lib/drone_control/frontier_exploration.py -> /home/atharv/swarm_ws/install/drone_control/lib/python3.12/site-packages/drone_control
copying /home/atharv/swarm_ws/build/drone_control/build/lib/drone_control/arm_disarm_script.py -> /home/atharv/swarm_ws/install/drone_control/lib/python3.12/site-packages/drone_control
byte-compiling /home/atharv/swarm_ws/install/drone_control/lib/python3.12/site-packages/drone_control/__init__.py to __init__.cpython-312.pyc
byte-compiling /home/atharv/swarm_ws/install/drone_control/lib/python3.12/site-packages/drone_control/teleop_node.py to teleop_node.cpython-312.pyc
byte-compiling /home/atharv/swarm_ws/install/drone_control/lib/python3.12/site-packages/drone_control/diagnostic_recorder.py to diagnostic_recorder.cpython-312.pyc
byte-compiling /home/atharv/swarm_ws/install/drone_control/lib/python3.12/site-packages/drone_control/autonomous_script.py to autonomous_script.cpython-312.pyc
byte-compiling /home/atharv/swarm_ws/install/drone_control/lib/python3.12/site-packages/drone_control/hover_script.py to hover_script.cpython-312.pyc
byte-compiling /home/atharv/swarm_ws/install/drone_control/lib/python3.12/site-packages/drone_control/scan_stabilizer.py to scan_stabilizer.cpython-312.pyc
byte-compiling /home/atharv/swarm_ws/install/drone_control/lib/python3.12/site-packages/drone_control/frontier_exploration.py to frontier_exploration.cpython-312.pyc
byte-compiling /home/atharv/swarm_ws/install/drone_control/lib/python3.12/site-packages/drone_control/arm_disarm_script.py to arm_disarm_script.cpython-312.pyc
running install_data
creating /home/atharv/swarm_ws/install/drone_control/share/ament_index/resource_index/packages
copying resource/drone_control -> /home/atharv/swarm_ws/install/drone_control/share/ament_index/resource_index/packages
copying package.xml -> /home/atharv/swarm_ws/install/drone_control/share/drone_control
running install_egg_info
Copying ../../build/drone_control/drone_control.egg-info to /home/atharv/swarm_ws/install/drone_control/lib/python3.12/site-packages/drone_control-0.0.0-py3.12.egg-info
running install_scripts
Installing autonomous_script script to /home/atharv/swarm_ws/install/drone_control/lib/drone_control
Installing frontier_exploration script to /home/atharv/swarm_ws/install/drone_control/lib/drone_control
Installing teleop_node script to /home/atharv/swarm_ws/install/drone_control/lib/drone_control
writing list of installed files to '/home/atharv/swarm_ws/build/drone_control/install.log'
