[0.929s] Invoking command in '/home/atharv/swarm_ws/src/drone_control': DEBUGINFOD_URLS=https://debuginfod.ubuntu.com PYTHONPATH=/home/atharv/swarm_ws/build/drone_control/prefix_override:/usr/lib/python3/dist-packages/colcon_core/task/python/colcon_distutils_commands:/home/atharv/swarm_ws/install/drone_control/lib/python3.12/site-packages:${PYTHONPATH} /usr/bin/python3 -W ignore:setup.py install is deprecated -W ignore:easy_install command is deprecated setup.py egg_info --egg-base ../../build/drone_control build --build-base /home/atharv/swarm_ws/build/drone_control/build install --record /home/atharv/swarm_ws/build/drone_control/install.log --install-scripts $base/lib/drone_control --single-version-externally-managed install_data
[1.033s] /home/atharv/.local/lib/python3.12/site-packages/setuptools/_distutils/dist.py:318: UserWarning: Unknown distribution option: 'tests_require'
[1.033s]   warnings.warn(msg)
[1.111s] running egg_info
[1.124s] creating ../../build/drone_control/drone_control.egg-info
[1.124s] writing ../../build/drone_control/drone_control.egg-info/PKG-INFO
[1.124s] writing dependency_links to ../../build/drone_control/drone_control.egg-info/dependency_links.txt
[1.124s] writing entry points to ../../build/drone_control/drone_control.egg-info/entry_points.txt
[1.124s] writing requirements to ../../build/drone_control/drone_control.egg-info/requires.txt
[1.124s] writing top-level names to ../../build/drone_control/drone_control.egg-info/top_level.txt
[1.124s] writing manifest file '../../build/drone_control/drone_control.egg-info/SOURCES.txt'
[1.151s] reading manifest file '../../build/drone_control/drone_control.egg-info/SOURCES.txt'
[1.151s] writing manifest file '../../build/drone_control/drone_control.egg-info/SOURCES.txt'
[1.151s] running build
[1.152s] running build_py
[1.152s] creating /home/atharv/swarm_ws/build/drone_control/build/lib/drone_control
[1.152s] copying drone_control/__init__.py -> /home/atharv/swarm_ws/build/drone_control/build/lib/drone_control
[1.152s] copying drone_control/teleop_node.py -> /home/atharv/swarm_ws/build/drone_control/build/lib/drone_control
[1.152s] copying drone_control/diagnostic_recorder.py -> /home/atharv/swarm_ws/build/drone_control/build/lib/drone_control
[1.152s] copying drone_control/autonomous_script.py -> /home/atharv/swarm_ws/build/drone_control/build/lib/drone_control
[1.152s] copying drone_control/hover_script.py -> /home/atharv/swarm_ws/build/drone_control/build/lib/drone_control
[1.152s] copying drone_control/scan_stabilizer.py -> /home/atharv/swarm_ws/build/drone_control/build/lib/drone_control
[1.152s] copying drone_control/frontier_exploration.py -> /home/atharv/swarm_ws/build/drone_control/build/lib/drone_control
[1.152s] copying drone_control/arm_disarm_script.py -> /home/atharv/swarm_ws/build/drone_control/build/lib/drone_control
[1.152s] running install
[1.155s] running install_lib
[1.168s] creating /home/atharv/swarm_ws/install/drone_control/lib/python3.12/site-packages/drone_control
[1.168s] copying /home/atharv/swarm_ws/build/drone_control/build/lib/drone_control/__init__.py -> /home/atharv/swarm_ws/install/drone_control/lib/python3.12/site-packages/drone_control
[1.169s] copying /home/atharv/swarm_ws/build/drone_control/build/lib/drone_control/teleop_node.py -> /home/atharv/swarm_ws/install/drone_control/lib/python3.12/site-packages/drone_control
[1.169s] copying /home/atharv/swarm_ws/build/drone_control/build/lib/drone_control/diagnostic_recorder.py -> /home/atharv/swarm_ws/install/drone_control/lib/python3.12/site-packages/drone_control
[1.169s] copying /home/atharv/swarm_ws/build/drone_control/build/lib/drone_control/autonomous_script.py -> /home/atharv/swarm_ws/install/drone_control/lib/python3.12/site-packages/drone_control
[1.169s] copying /home/atharv/swarm_ws/build/drone_control/build/lib/drone_control/hover_script.py -> /home/atharv/swarm_ws/install/drone_control/lib/python3.12/site-packages/drone_control
[1.169s] copying /home/atharv/swarm_ws/build/drone_control/build/lib/drone_control/scan_stabilizer.py -> /home/atharv/swarm_ws/install/drone_control/lib/python3.12/site-packages/drone_control
[1.169s] copying /home/atharv/swarm_ws/build/drone_control/build/lib/drone_control/frontier_exploration.py -> /home/atharv/swarm_ws/install/drone_control/lib/python3.12/site-packages/drone_control
[1.169s] copying /home/atharv/swarm_ws/build/drone_control/build/lib/drone_control/arm_disarm_script.py -> /home/atharv/swarm_ws/install/drone_control/lib/python3.12/site-packages/drone_control
[1.169s] byte-compiling /home/atharv/swarm_ws/install/drone_control/lib/python3.12/site-packages/drone_control/__init__.py to __init__.cpython-312.pyc
[1.169s] byte-compiling /home/atharv/swarm_ws/install/drone_control/lib/python3.12/site-packages/drone_control/teleop_node.py to teleop_node.cpython-312.pyc
[1.170s] byte-compiling /home/atharv/swarm_ws/install/drone_control/lib/python3.12/site-packages/drone_control/diagnostic_recorder.py to diagnostic_recorder.cpython-312.pyc
[1.171s] byte-compiling /home/atharv/swarm_ws/install/drone_control/lib/python3.12/site-packages/drone_control/autonomous_script.py to autonomous_script.cpython-312.pyc
[1.172s] byte-compiling /home/atharv/swarm_ws/install/drone_control/lib/python3.12/site-packages/drone_control/hover_script.py to hover_script.cpython-312.pyc
[1.173s] byte-compiling /home/atharv/swarm_ws/install/drone_control/lib/python3.12/site-packages/drone_control/scan_stabilizer.py to scan_stabilizer.cpython-312.pyc
[1.173s] byte-compiling /home/atharv/swarm_ws/install/drone_control/lib/python3.12/site-packages/drone_control/frontier_exploration.py to frontier_exploration.cpython-312.pyc
[1.181s] byte-compiling /home/atharv/swarm_ws/install/drone_control/lib/python3.12/site-packages/drone_control/arm_disarm_script.py to arm_disarm_script.cpython-312.pyc
[1.182s] running install_data
[1.182s] creating /home/atharv/swarm_ws/install/drone_control/share/ament_index/resource_index/packages
[1.182s] copying resource/drone_control -> /home/atharv/swarm_ws/install/drone_control/share/ament_index/resource_index/packages
[1.182s] copying package.xml -> /home/atharv/swarm_ws/install/drone_control/share/drone_control
[1.182s] running install_egg_info
[1.195s] Copying ../../build/drone_control/drone_control.egg-info to /home/atharv/swarm_ws/install/drone_control/lib/python3.12/site-packages/drone_control-0.0.0-py3.12.egg-info
[1.196s] running install_scripts
[1.223s] Installing autonomous_script script to /home/atharv/swarm_ws/install/drone_control/lib/drone_control
[1.223s] Installing frontier_exploration script to /home/atharv/swarm_ws/install/drone_control/lib/drone_control
[1.223s] Installing teleop_node script to /home/atharv/swarm_ws/install/drone_control/lib/drone_control
[1.223s] writing list of installed files to '/home/atharv/swarm_ws/build/drone_control/install.log'
[1.269s] Invoked command in '/home/atharv/swarm_ws/src/drone_control' returned '0': DEBUGINFOD_URLS=https://debuginfod.ubuntu.com PYTHONPATH=/home/atharv/swarm_ws/build/drone_control/prefix_override:/usr/lib/python3/dist-packages/colcon_core/task/python/colcon_distutils_commands:/home/atharv/swarm_ws/install/drone_control/lib/python3.12/site-packages:${PYTHONPATH} /usr/bin/python3 -W ignore:setup.py install is deprecated -W ignore:easy_install command is deprecated setup.py egg_info --egg-base ../../build/drone_control build --build-base /home/atharv/swarm_ws/build/drone_control/build install --record /home/atharv/swarm_ws/build/drone_control/install.log --install-scripts $base/lib/drone_control --single-version-externally-managed install_data
