[0.392s] Invoking command in '/home/atharv/swarm_ws/build/rf2o_laser_odometry': CMAKE_PREFIX_PATH=${CMAKE_PREFIX_PATH}:/opt/ros/jazzy DEBUGINFOD_URLS=https://debuginfod.ubuntu.com /usr/bin/cmake --build /home/atharv/swarm_ws/build/rf2o_laser_odometry -- -j12 -l12
[0.448s] [ 40%] Built target rf2o_laser_odometry
[0.453s] [100%] Built target rf2o_laser_odometry_node
[0.587s] Invoked command in '/home/atharv/swarm_ws/build/rf2o_laser_odometry' returned '0': CMAKE_PREFIX_PATH=${CMAKE_PREFIX_PATH}:/opt/ros/jazzy DEBUGINFOD_URLS=https://debuginfod.ubuntu.com /usr/bin/cmake --build /home/atharv/swarm_ws/build/rf2o_laser_odometry -- -j12 -l12
[0.599s] Invoking command in '/home/atharv/swarm_ws/build/rf2o_laser_odometry': CMAKE_PREFIX_PATH=${CMAKE_PREFIX_PATH}:/opt/ros/jazzy DEBUGINFOD_URLS=https://debuginfod.ubuntu.com /usr/bin/cmake --install /home/atharv/swarm_ws/build/rf2o_laser_odometry
[0.607s] -- Install configuration: ""
[0.607s] -- Up-to-date: /home/atharv/swarm_ws/install/rf2o_laser_odometry/lib/rf2o_laser_odometry/rf2o_laser_odometry_node
[0.608s] -- Up-to-date: /home/atharv/swarm_ws/install/rf2o_laser_odometry/share/rf2o_laser_odometry/launch
[0.608s] -- Up-to-date: /home/atharv/swarm_ws/install/rf2o_laser_odometry/share/rf2o_laser_odometry/launch/rf2o_laser_odometry.launch.py
[0.608s] -- Up-to-date: /home/atharv/swarm_ws/install/rf2o_laser_odometry/share/ament_index/resource_index/package_run_dependencies/rf2o_laser_odometry
[0.608s] -- Up-to-date: /home/atharv/swarm_ws/install/rf2o_laser_odometry/share/ament_index/resource_index/parent_prefix_path/rf2o_laser_odometry
[0.608s] -- Up-to-date: /home/atharv/swarm_ws/install/rf2o_laser_odometry/share/rf2o_laser_odometry/environment/ament_prefix_path.sh
[0.608s] -- Up-to-date: /home/atharv/swarm_ws/install/rf2o_laser_odometry/share/rf2o_laser_odometry/environment/ament_prefix_path.dsv
[0.608s] -- Up-to-date: /home/atharv/swarm_ws/install/rf2o_laser_odometry/share/rf2o_laser_odometry/environment/path.sh
[0.608s] -- Up-to-date: /home/atharv/swarm_ws/install/rf2o_laser_odometry/share/rf2o_laser_odometry/environment/path.dsv
[0.608s] -- Up-to-date: /home/atharv/swarm_ws/install/rf2o_laser_odometry/share/rf2o_laser_odometry/local_setup.bash
[0.608s] -- Up-to-date: /home/atharv/swarm_ws/install/rf2o_laser_odometry/share/rf2o_laser_odometry/local_setup.sh
[0.608s] -- Up-to-date: /home/atharv/swarm_ws/install/rf2o_laser_odometry/share/rf2o_laser_odometry/local_setup.zsh
[0.608s] -- Up-to-date: /home/atharv/swarm_ws/install/rf2o_laser_odometry/share/rf2o_laser_odometry/local_setup.dsv
[0.608s] -- Installing: /home/atharv/swarm_ws/install/rf2o_laser_odometry/share/rf2o_laser_odometry/package.dsv
[0.609s] -- Up-to-date: /home/atharv/swarm_ws/install/rf2o_laser_odometry/share/ament_index/resource_index/packages/rf2o_laser_odometry
[0.609s] -- Up-to-date: /home/atharv/swarm_ws/install/rf2o_laser_odometry/share/rf2o_laser_odometry/cmake/rf2o_laser_odometryConfig.cmake
[0.609s] -- Up-to-date: /home/atharv/swarm_ws/install/rf2o_laser_odometry/share/rf2o_laser_odometry/cmake/rf2o_laser_odometryConfig-version.cmake
[0.609s] -- Up-to-date: /home/atharv/swarm_ws/install/rf2o_laser_odometry/share/rf2o_laser_odometry/package.xml
[0.609s] Invoked command in '/home/atharv/swarm_ws/build/rf2o_laser_odometry' returned '0': CMAKE_PREFIX_PATH=${CMAKE_PREFIX_PATH}:/opt/ros/jazzy DEBUGINFOD_URLS=https://debuginfod.ubuntu.com /usr/bin/cmake --install /home/atharv/swarm_ws/build/rf2o_laser_odometry
