[0.488s] Invoking command in '/home/atharv/swarm_ws/src/drone_mapping': DEBUGINFOD_URLS=https://debuginfod.ubuntu.com PYTHONPATH=/home/atharv/swarm_ws/build/drone_mapping/prefix_override:/usr/lib/python3/dist-packages/colcon_core/task/python/colcon_distutils_commands:/home/atharv/swarm_ws/install/drone_mapping/lib/python3.12/site-packages:${PYTHONPATH} /usr/bin/python3 -W ignore:setup.py install is deprecated -W ignore:easy_install command is deprecated setup.py egg_info --egg-base ../../build/drone_mapping build --build-base /home/atharv/swarm_ws/build/drone_mapping/build install --record /home/atharv/swarm_ws/build/drone_mapping/install.log --install-scripts $base/lib/drone_mapping --single-version-externally-managed install_data
[0.671s] running egg_info
[0.684s] writing ../../build/drone_mapping/drone_mapping.egg-info/PKG-INFO
[0.684s] writing dependency_links to ../../build/drone_mapping/drone_mapping.egg-info/dependency_links.txt
[0.685s] writing entry points to ../../build/drone_mapping/drone_mapping.egg-info/entry_points.txt
[0.685s] writing requirements to ../../build/drone_mapping/drone_mapping.egg-info/requires.txt
[0.685s] writing top-level names to ../../build/drone_mapping/drone_mapping.egg-info/top_level.txt
[0.711s] reading manifest file '../../build/drone_mapping/drone_mapping.egg-info/SOURCES.txt'
[0.712s] writing manifest file '../../build/drone_mapping/drone_mapping.egg-info/SOURCES.txt'
[0.712s] running build
[0.713s] running build_py
[0.713s] running install
[0.716s] running install_lib
[0.729s] running install_data
[0.730s] copying launch/beta_stack.launch.py -> /home/atharv/swarm_ws/install/drone_mapping/share/drone_mapping/launch
[0.730s] running install_egg_info
[0.743s] removing '/home/atharv/swarm_ws/install/drone_mapping/lib/python3.12/site-packages/drone_mapping-0.0.0-py3.12.egg-info' (and everything under it)
[0.743s] Copying ../../build/drone_mapping/drone_mapping.egg-info to /home/atharv/swarm_ws/install/drone_mapping/lib/python3.12/site-packages/drone_mapping-0.0.0-py3.12.egg-info
[0.743s] running install_scripts
[0.771s] Installing optical_flow script to /home/atharv/swarm_ws/install/drone_mapping/lib/drone_mapping
[0.771s] Installing pose_to_tf script to /home/atharv/swarm_ws/install/drone_mapping/lib/drone_mapping
[0.771s] Installing vio_to_ardupilot script to /home/atharv/swarm_ws/install/drone_mapping/lib/drone_mapping
[0.771s] writing list of installed files to '/home/atharv/swarm_ws/build/drone_mapping/install.log'
[0.801s] Invoked command in '/home/atharv/swarm_ws/src/drone_mapping' returned '0': DEBUGINFOD_URLS=https://debuginfod.ubuntu.com PYTHONPATH=/home/atharv/swarm_ws/build/drone_mapping/prefix_override:/usr/lib/python3/dist-packages/colcon_core/task/python/colcon_distutils_commands:/home/atharv/swarm_ws/install/drone_mapping/lib/python3.12/site-packages:${PYTHONPATH} /usr/bin/python3 -W ignore:setup.py install is deprecated -W ignore:easy_install command is deprecated setup.py egg_info --egg-base ../../build/drone_mapping build --build-base /home/atharv/swarm_ws/build/drone_mapping/build install --record /home/atharv/swarm_ws/build/drone_mapping/install.log --install-scripts $base/lib/drone_mapping --single-version-externally-managed install_data
