[0.919s] Invoking command in '/home/atharv/swarm_ws/src/ssd_lite_ros': DEBUGINFOD_URLS=https://debuginfod.ubuntu.com PYTHONPATH=/home/atharv/swarm_ws/build/ssd_lite_ros/prefix_override:/usr/lib/python3/dist-packages/colcon_core/task/python/colcon_distutils_commands:/home/atharv/swarm_ws/install/ssd_lite_ros/lib/python3.12/site-packages:${PYTHONPATH} /usr/bin/python3 -W ignore:setup.py install is deprecated -W ignore:easy_install command is deprecated setup.py egg_info --egg-base ../../build/ssd_lite_ros build --build-base /home/atharv/swarm_ws/build/ssd_lite_ros/build install --record /home/atharv/swarm_ws/build/ssd_lite_ros/install.log --install-scripts $base/lib/ssd_lite_ros --single-version-externally-managed install_data
[1.106s] running egg_info
[1.119s] creating ../../build/ssd_lite_ros/ssd_lite_ros.egg-info
[1.119s] writing ../../build/ssd_lite_ros/ssd_lite_ros.egg-info/PKG-INFO
[1.120s] writing dependency_links to ../../build/ssd_lite_ros/ssd_lite_ros.egg-info/dependency_links.txt
[1.120s] writing entry points to ../../build/ssd_lite_ros/ssd_lite_ros.egg-info/entry_points.txt
[1.120s] writing requirements to ../../build/ssd_lite_ros/ssd_lite_ros.egg-info/requires.txt
[1.120s] writing top-level names to ../../build/ssd_lite_ros/ssd_lite_ros.egg-info/top_level.txt
[1.120s] writing manifest file '../../build/ssd_lite_ros/ssd_lite_ros.egg-info/SOURCES.txt'
[1.147s] reading manifest file '../../build/ssd_lite_ros/ssd_lite_ros.egg-info/SOURCES.txt'
[1.147s] writing manifest file '../../build/ssd_lite_ros/ssd_lite_ros.egg-info/SOURCES.txt'
[1.147s] running build
[1.147s] running build_py
[1.148s] creating /home/atharv/swarm_ws/build/ssd_lite_ros/build/lib/ssd_lite_ros
[1.148s] copying ssd_lite_ros/__init__.py -> /home/atharv/swarm_ws/build/ssd_lite_ros/build/lib/ssd_lite_ros
[1.148s] copying ssd_lite_ros/camera_publisher.py -> /home/atharv/swarm_ws/build/ssd_lite_ros/build/lib/ssd_lite_ros
[1.148s] copying ssd_lite_ros/person_detector.py -> /home/atharv/swarm_ws/build/ssd_lite_ros/build/lib/ssd_lite_ros
[1.148s] running install
[1.151s] running install_lib
[1.164s] creating /home/atharv/swarm_ws/install/ssd_lite_ros/lib/python3.12/site-packages/ssd_lite_ros
[1.164s] copying /home/atharv/swarm_ws/build/ssd_lite_ros/build/lib/ssd_lite_ros/__init__.py -> /home/atharv/swarm_ws/install/ssd_lite_ros/lib/python3.12/site-packages/ssd_lite_ros
[1.164s] copying /home/atharv/swarm_ws/build/ssd_lite_ros/build/lib/ssd_lite_ros/camera_publisher.py -> /home/atharv/swarm_ws/install/ssd_lite_ros/lib/python3.12/site-packages/ssd_lite_ros
[1.164s] copying /home/atharv/swarm_ws/build/ssd_lite_ros/build/lib/ssd_lite_ros/person_detector.py -> /home/atharv/swarm_ws/install/ssd_lite_ros/lib/python3.12/site-packages/ssd_lite_ros
[1.164s] byte-compiling /home/atharv/swarm_ws/install/ssd_lite_ros/lib/python3.12/site-packages/ssd_lite_ros/__init__.py to __init__.cpython-312.pyc
[1.164s] byte-compiling /home/atharv/swarm_ws/install/ssd_lite_ros/lib/python3.12/site-packages/ssd_lite_ros/camera_publisher.py to camera_publisher.cpython-312.pyc
[1.165s] byte-compiling /home/atharv/swarm_ws/install/ssd_lite_ros/lib/python3.12/site-packages/ssd_lite_ros/person_detector.py to person_detector.cpython-312.pyc
[1.167s] running install_data
[1.167s] creating /home/atharv/swarm_ws/install/ssd_lite_ros/share/ament_index/resource_index/packages
[1.168s] copying resource/ssd_lite_ros -> /home/atharv/swarm_ws/install/ssd_lite_ros/share/ament_index/resource_index/packages
[1.168s] copying package.xml -> /home/atharv/swarm_ws/install/ssd_lite_ros/share/ssd_lite_ros
[1.168s] creating /home/atharv/swarm_ws/install/ssd_lite_ros/share/ssd_lite_ros/models
[1.168s] copying models/detect.tflite -> /home/atharv/swarm_ws/install/ssd_lite_ros/share/ssd_lite_ros/models
[1.170s] running install_egg_info
[1.183s] Copying ../../build/ssd_lite_ros/ssd_lite_ros.egg-info to /home/atharv/swarm_ws/install/ssd_lite_ros/lib/python3.12/site-packages/ssd_lite_ros-0.0.0-py3.12.egg-info
[1.184s] running install_scripts
[1.211s] Installing camera_publisher script to /home/atharv/swarm_ws/install/ssd_lite_ros/lib/ssd_lite_ros
[1.211s] Installing person_detector script to /home/atharv/swarm_ws/install/ssd_lite_ros/lib/ssd_lite_ros
[1.211s] writing list of installed files to '/home/atharv/swarm_ws/build/ssd_lite_ros/install.log'
[1.245s] Invoked command in '/home/atharv/swarm_ws/src/ssd_lite_ros' returned '0': DEBUGINFOD_URLS=https://debuginfod.ubuntu.com PYTHONPATH=/home/atharv/swarm_ws/build/ssd_lite_ros/prefix_override:/usr/lib/python3/dist-packages/colcon_core/task/python/colcon_distutils_commands:/home/atharv/swarm_ws/install/ssd_lite_ros/lib/python3.12/site-packages:${PYTHONPATH} /usr/bin/python3 -W ignore:setup.py install is deprecated -W ignore:easy_install command is deprecated setup.py egg_info --egg-base ../../build/ssd_lite_ros build --build-base /home/atharv/swarm_ws/build/ssd_lite_ros/build install --record /home/atharv/swarm_ws/build/ssd_lite_ros/install.log --install-scripts $base/lib/ssd_lite_ros --single-version-externally-managed install_data
