/home/atharv/swarm_ws/install/drone_mapping/lib/python3.12/site-packages/drone_mapping/pose_to_tf.py
/home/atharv/swarm_ws/install/drone_mapping/lib/python3.12/site-packages/drone_mapping/__init__.py
/home/atharv/swarm_ws/install/drone_mapping/lib/python3.12/site-packages/drone_mapping/vio_to_ardupilot.py
/home/atharv/swarm_ws/install/drone_mapping/lib/python3.12/site-packages/drone_mapping/optical_flow.py
/home/atharv/swarm_ws/install/drone_mapping/lib/python3.12/site-packages/drone_mapping/__pycache__/pose_to_tf.cpython-312.pyc
/home/atharv/swarm_ws/install/drone_mapping/lib/python3.12/site-packages/drone_mapping/__pycache__/__init__.cpython-312.pyc
/home/atharv/swarm_ws/install/drone_mapping/lib/python3.12/site-packages/drone_mapping/__pycache__/vio_to_ardupilot.cpython-312.pyc
/home/atharv/swarm_ws/install/drone_mapping/lib/python3.12/site-packages/drone_mapping/__pycache__/optical_flow.cpython-312.pyc
/home/atharv/swarm_ws/install/drone_mapping/share/ament_index/resource_index/packages/drone_mapping
/home/atharv/swarm_ws/install/drone_mapping/share/drone_mapping/package.xml
/home/atharv/swarm_ws/install/drone_mapping/share/drone_mapping/launch/slam_mapping.launch.py
/home/atharv/swarm_ws/install/drone_mapping/share/drone_mapping/launch/beta_stack.launch.py
/home/atharv/swarm_ws/install/drone_mapping/share/drone_mapping/urdf/drone.urdf
/home/atharv/swarm_ws/install/drone_mapping/share/drone_mapping/config/mapper_params_online_async.yaml
/home/atharv/swarm_ws/install/drone_mapping/share/drone_mapping/config/ekf.yaml
/home/atharv/swarm_ws/install/drone_mapping/lib/python3.12/site-packages/drone_mapping-0.0.0-py3.12.egg-info/PKG-INFO
/home/atharv/swarm_ws/install/drone_mapping/lib/python3.12/site-packages/drone_mapping-0.0.0-py3.12.egg-info/entry_points.txt
/home/atharv/swarm_ws/install/drone_mapping/lib/python3.12/site-packages/drone_mapping-0.0.0-py3.12.egg-info/requires.txt
/home/atharv/swarm_ws/install/drone_mapping/lib/python3.12/site-packages/drone_mapping-0.0.0-py3.12.egg-info/zip-safe
/home/atharv/swarm_ws/install/drone_mapping/lib/python3.12/site-packages/drone_mapping-0.0.0-py3.12.egg-info/SOURCES.txt
/home/atharv/swarm_ws/install/drone_mapping/lib/python3.12/site-packages/drone_mapping-0.0.0-py3.12.egg-info/dependency_links.txt
/home/atharv/swarm_ws/install/drone_mapping/lib/python3.12/site-packages/drone_mapping-0.0.0-py3.12.egg-info/top_level.txt
/home/atharv/swarm_ws/install/drone_mapping/lib/drone_mapping/optical_flow
/home/atharv/swarm_ws/install/drone_mapping/lib/drone_mapping/pose_to_tf
/home/atharv/swarm_ws/install/drone_mapping/lib/drone_mapping/vio_to_ardupilot
