running egg_info
creating ../../build/drone_mapping/drone_mapping.egg-info
writing ../../build/drone_mapping/drone_mapping.egg-info/PKG-INFO
writing dependency_links to ../../build/drone_mapping/drone_mapping.egg-info/dependency_links.txt
writing entry points to ../../build/drone_mapping/drone_mapping.egg-info/entry_points.txt
writing requirements to ../../build/drone_mapping/drone_mapping.egg-info/requires.txt
writing top-level names to ../../build/drone_mapping/drone_mapping.egg-info/top_level.txt
writing manifest file '../../build/drone_mapping/drone_mapping.egg-info/SOURCES.txt'
reading manifest file '../../build/drone_mapping/drone_mapping.egg-info/SOURCES.txt'
writing manifest file '../../build/drone_mapping/drone_mapping.egg-info/SOURCES.txt'
running build
running build_py
creating /home/atharv/swarm_ws/build/drone_mapping/build/lib/drone_mapping
copying drone_mapping/pose_to_tf.py -> /home/atharv/swarm_ws/build/drone_mapping/build/lib/drone_mapping
copying drone_mapping/__init__.py -> /home/atharv/swarm_ws/build/drone_mapping/build/lib/drone_mapping
copying drone_mapping/vio_to_ardupilot.py -> /home/atharv/swarm_ws/build/drone_mapping/build/lib/drone_mapping
copying drone_mapping/optical_flow.py -> /home/atharv/swarm_ws/build/drone_mapping/build/lib/drone_mapping
running install
running install_lib
creating /home/atharv/swarm_ws/install/drone_mapping/lib/python3.12/site-packages/drone_mapping
copying /home/atharv/swarm_ws/build/drone_mapping/build/lib/drone_mapping/pose_to_tf.py -> /home/atharv/swarm_ws/install/drone_mapping/lib/python3.12/site-packages/drone_mapping
copying /home/atharv/swarm_ws/build/drone_mapping/build/lib/drone_mapping/__init__.py -> /home/atharv/swarm_ws/install/drone_mapping/lib/python3.12/site-packages/drone_mapping
copying /home/atharv/swarm_ws/build/drone_mapping/build/lib/drone_mapping/vio_to_ardupilot.py -> /home/atharv/swarm_ws/install/drone_mapping/lib/python3.12/site-packages/drone_mapping
copying /home/atharv/swarm_ws/build/drone_mapping/build/lib/drone_mapping/optical_flow.py -> /home/atharv/swarm_ws/install/drone_mapping/lib/python3.12/site-packages/drone_mapping
byte-compiling /home/atharv/swarm_ws/install/drone_mapping/lib/python3.12/site-packages/drone_mapping/pose_to_tf.py to pose_to_tf.cpython-312.pyc
byte-compiling /home/atharv/swarm_ws/install/drone_mapping/lib/python3.12/site-packages/drone_mapping/__init__.py to __init__.cpython-312.pyc
byte-compiling /home/atharv/swarm_ws/install/drone_mapping/lib/python3.12/site-packages/drone_mapping/vio_to_ardupilot.py to vio_to_ardupilot.cpython-312.pyc
byte-compiling /home/atharv/swarm_ws/install/drone_mapping/lib/python3.12/site-packages/drone_mapping/optical_flow.py to optical_flow.cpython-312.pyc
running install_data
creating /home/atharv/swarm_ws/install/drone_mapping/share/ament_index/resource_index/packages
copying resource/drone_mapping -> /home/atharv/swarm_ws/install/drone_mapping/share/ament_index/resource_index/packages
copying package.xml -> /home/atharv/swarm_ws/install/drone_mapping/share/drone_mapping
creating /home/atharv/swarm_ws/install/drone_mapping/share/drone_mapping/launch
copying launch/slam_mapping.launch.py -> /home/atharv/swarm_ws/install/drone_mapping/share/drone_mapping/launch
creating /home/atharv/swarm_ws/install/drone_mapping/share/drone_mapping/urdf
copying urdf/drone.urdf -> /home/atharv/swarm_ws/install/drone_mapping/share/drone_mapping/urdf
creating /home/atharv/swarm_ws/install/drone_mapping/share/drone_mapping/config
copying config/mapper_params_online_async.yaml -> /home/atharv/swarm_ws/install/drone_mapping/share/drone_mapping/config
copying config/ekf.yaml -> /home/atharv/swarm_ws/install/drone_mapping/share/drone_mapping/config
running install_egg_info
Copying ../../build/drone_mapping/drone_mapping.egg-info to /home/atharv/swarm_ws/install/drone_mapping/lib/python3.12/site-packages/drone_mapping-0.0.0-py3.12.egg-info
running install_scripts
Installing optical_flow script to /home/atharv/swarm_ws/install/drone_mapping/lib/drone_mapping
Installing pose_to_tf script to /home/atharv/swarm_ws/install/drone_mapping/lib/drone_mapping
Installing vio_to_ardupilot script to /home/atharv/swarm_ws/install/drone_mapping/lib/drone_mapping
writing list of installed files to '/home/atharv/swarm_ws/build/drone_mapping/install.log'
