[0.074s] DEBUG:colcon:Command line arguments: ['/usr/bin/colcon', 'build']
[0.075s] DEBUG:colcon:Parsed command line arguments: Namespace(log_base=None, log_level=None, verb_name='build', build_base='build', install_base='install', merge_install=False, symlink_install=False, test_result_base=None, continue_on_error=False, executor='parallel', parallel_workers=12, event_handlers=None, ignore_user_meta=False, metas=['./colcon.meta'], base_paths=['.'], packages_ignore=None, packages_ignore_regex=None, paths=None, packages_up_to=None, packages_up_to_regex=None, packages_above=None, packages_above_and_dependencies=None, packages_above_depth=None, packages_select_by_dep=None, packages_skip_by_dep=None, packages_skip_up_to=None, packages_select_build_failed=False, packages_skip_build_finished=False, packages_select_test_failures=False, packages_skip_test_passed=False, packages_select=None, packages_skip=None, packages_select_regex=None, packages_skip_regex=None, packages_start=None, packages_end=None, allow_overriding=[], cmake_args=None, cmake_target=None, cmake_target_skip_unavailable=False, cmake_clean_cache=False, cmake_clean_first=False, cmake_force_configure=False, ament_cmake_args=None, catkin_cmake_args=None, catkin_skip_building_tests=False, mixin_files=None, mixin=None, verb_parser=<colcon_mixin.mixin.mixin_argument.MixinArgumentDecorator object at 0x7070c5b68800>, verb_extension=<colcon_core.verb.build.BuildVerb object at 0x7070c5d33ec0>, main=<bound method BuildVerb.main of <colcon_core.verb.build.BuildVerb object at 0x7070c5d33ec0>>, mixin_verb=('build',))
[0.107s] Level 1:colcon.colcon_core.package_discovery:discover_packages(colcon_meta) check parameters
[0.107s] Level 1:colcon.colcon_core.package_discovery:discover_packages(recursive) check parameters
[0.107s] Level 1:colcon.colcon_core.package_discovery:discover_packages(ignore) check parameters
[0.107s] Level 1:colcon.colcon_core.package_discovery:discover_packages(path) check parameters
[0.107s] Level 1:colcon.colcon_core.package_discovery:discover_packages(colcon_meta) discover
[0.107s] Level 1:colcon.colcon_core.package_discovery:discover_packages(recursive) discover
[0.107s] INFO:colcon.colcon_core.package_discovery:Crawling recursively for packages in '/home/atharv/swarm_ws'
[0.107s] Level 1:colcon.colcon_core.package_identification:_identify(.) by extensions ['ignore', 'ignore_ament_install']
[0.108s] Level 1:colcon.colcon_core.package_identification:_identify(.) by extension 'ignore'
[0.108s] Level 1:colcon.colcon_core.package_identification:_identify(.) by extension 'ignore_ament_install'
[0.108s] Level 1:colcon.colcon_core.package_identification:_identify(.) by extensions ['colcon_pkg']
[0.108s] Level 1:colcon.colcon_core.package_identification:_identify(.) by extension 'colcon_pkg'
[0.108s] Level 1:colcon.colcon_core.package_identification:_identify(.) by extensions ['colcon_meta']
[0.108s] Level 1:colcon.colcon_core.package_identification:_identify(.) by extension 'colcon_meta'
[0.108s] Level 1:colcon.colcon_core.package_identification:_identify(.) by extensions ['ros']
[0.108s] Level 1:colcon.colcon_core.package_identification:_identify(.) by extension 'ros'
[0.130s] Level 1:colcon.colcon_core.package_identification:_identify(.) by extensions ['cmake', 'python']
[0.130s] Level 1:colcon.colcon_core.package_identification:_identify(.) by extension 'cmake'
[0.130s] Level 1:colcon.colcon_core.package_identification:_identify(.) by extension 'python'
[0.131s] Level 1:colcon.colcon_core.package_identification:_identify(.) by extensions ['python_setup_py']
[0.131s] Level 1:colcon.colcon_core.package_identification:_identify(.) by extension 'python_setup_py'
[0.131s] Level 1:colcon.colcon_core.package_identification:_identify(build) by extensions ['ignore', 'ignore_ament_install']
[0.131s] Level 1:colcon.colcon_core.package_identification:_identify(build) by extension 'ignore'
[0.131s] Level 1:colcon.colcon_core.package_identification:_identify(build) ignored
[0.131s] Level 1:colcon.colcon_core.package_identification:_identify(install) by extensions ['ignore', 'ignore_ament_install']
[0.131s] Level 1:colcon.colcon_core.package_identification:_identify(install) by extension 'ignore'
[0.131s] Level 1:colcon.colcon_core.package_identification:_identify(install) ignored
[0.131s] Level 1:colcon.colcon_core.package_identification:_identify(log) by extensions ['ignore', 'ignore_ament_install']
[0.131s] Level 1:colcon.colcon_core.package_identification:_identify(log) by extension 'ignore'
[0.131s] Level 1:colcon.colcon_core.package_identification:_identify(log) ignored
[0.131s] Level 1:colcon.colcon_core.package_identification:_identify(src) by extensions ['ignore', 'ignore_ament_install']
[0.131s] Level 1:colcon.colcon_core.package_identification:_identify(src) by extension 'ignore'
[0.132s] Level 1:colcon.colcon_core.package_identification:_identify(src) by extension 'ignore_ament_install'
[0.132s] Level 1:colcon.colcon_core.package_identification:_identify(src) by extensions ['colcon_pkg']
[0.132s] Level 1:colcon.colcon_core.package_identification:_identify(src) by extension 'colcon_pkg'
[0.132s] Level 1:colcon.colcon_core.package_identification:_identify(src) by extensions ['colcon_meta']
[0.132s] Level 1:colcon.colcon_core.package_identification:_identify(src) by extension 'colcon_meta'
[0.132s] Level 1:colcon.colcon_core.package_identification:_identify(src) by extensions ['ros']
[0.132s] Level 1:colcon.colcon_core.package_identification:_identify(src) by extension 'ros'
[0.132s] Level 1:colcon.colcon_core.package_identification:_identify(src) by extensions ['cmake', 'python']
[0.132s] Level 1:colcon.colcon_core.package_identification:_identify(src) by extension 'cmake'
[0.132s] Level 1:colcon.colcon_core.package_identification:_identify(src) by extension 'python'
[0.132s] Level 1:colcon.colcon_core.package_identification:_identify(src) by extensions ['python_setup_py']
[0.132s] Level 1:colcon.colcon_core.package_identification:_identify(src) by extension 'python_setup_py'
[0.132s] Level 1:colcon.colcon_core.package_identification:_identify(src/drone_control) by extensions ['ignore', 'ignore_ament_install']
[0.132s] Level 1:colcon.colcon_core.package_identification:_identify(src/drone_control) by extension 'ignore'
[0.132s] Level 1:colcon.colcon_core.package_identification:_identify(src/drone_control) by extension 'ignore_ament_install'
[0.132s] Level 1:colcon.colcon_core.package_identification:_identify(src/drone_control) by extensions ['colcon_pkg']
[0.132s] Level 1:colcon.colcon_core.package_identification:_identify(src/drone_control) by extension 'colcon_pkg'
[0.132s] Level 1:colcon.colcon_core.package_identification:_identify(src/drone_control) by extensions ['colcon_meta']
[0.132s] Level 1:colcon.colcon_core.package_identification:_identify(src/drone_control) by extension 'colcon_meta'
[0.132s] Level 1:colcon.colcon_core.package_identification:_identify(src/drone_control) by extensions ['ros']
[0.132s] Level 1:colcon.colcon_core.package_identification:_identify(src/drone_control) by extension 'ros'
[0.134s] DEBUG:colcon.colcon_core.package_identification:Package 'src/drone_control' with type 'ros.ament_python' and name 'drone_control'
[0.134s] Level 1:colcon.colcon_core.package_identification:_identify(src/drone_mapping) by extensions ['ignore', 'ignore_ament_install']
[0.134s] Level 1:colcon.colcon_core.package_identification:_identify(src/drone_mapping) by extension 'ignore'
[0.134s] Level 1:colcon.colcon_core.package_identification:_identify(src/drone_mapping) by extension 'ignore_ament_install'
[0.134s] Level 1:colcon.colcon_core.package_identification:_identify(src/drone_mapping) by extensions ['colcon_pkg']
[0.134s] Level 1:colcon.colcon_core.package_identification:_identify(src/drone_mapping) by extension 'colcon_pkg'
[0.134s] Level 1:colcon.colcon_core.package_identification:_identify(src/drone_mapping) by extensions ['colcon_meta']
[0.134s] Level 1:colcon.colcon_core.package_identification:_identify(src/drone_mapping) by extension 'colcon_meta'
[0.134s] Level 1:colcon.colcon_core.package_identification:_identify(src/drone_mapping) by extensions ['ros']
[0.134s] Level 1:colcon.colcon_core.package_identification:_identify(src/drone_mapping) by extension 'ros'
[0.135s] DEBUG:colcon.colcon_core.package_identification:Package 'src/drone_mapping' with type 'ros.ament_python' and name 'drone_mapping'
[0.135s] Level 1:colcon.colcon_core.package_identification:_identify(src/rf2o_laser_odometry) by extensions ['ignore', 'ignore_ament_install']
[0.135s] Level 1:colcon.colcon_core.package_identification:_identify(src/rf2o_laser_odometry) by extension 'ignore'
[0.135s] Level 1:colcon.colcon_core.package_identification:_identify(src/rf2o_laser_odometry) by extension 'ignore_ament_install'
[0.135s] Level 1:colcon.colcon_core.package_identification:_identify(src/rf2o_laser_odometry) by extensions ['colcon_pkg']
[0.135s] Level 1:colcon.colcon_core.package_identification:_identify(src/rf2o_laser_odometry) by extension 'colcon_pkg'
[0.135s] Level 1:colcon.colcon_core.package_identification:_identify(src/rf2o_laser_odometry) by extensions ['colcon_meta']
[0.135s] Level 1:colcon.colcon_core.package_identification:_identify(src/rf2o_laser_odometry) by extension 'colcon_meta'
[0.135s] Level 1:colcon.colcon_core.package_identification:_identify(src/rf2o_laser_odometry) by extensions ['ros']
[0.135s] Level 1:colcon.colcon_core.package_identification:_identify(src/rf2o_laser_odometry) by extension 'ros'
[0.136s] DEBUG:colcon.colcon_core.package_identification:Package 'src/rf2o_laser_odometry' with type 'ros.ament_cmake' and name 'rf2o_laser_odometry'
[0.136s] Level 1:colcon.colcon_core.package_identification:_identify(src/ssd_lite_ros) by extensions ['ignore', 'ignore_ament_install']
[0.136s] Level 1:colcon.colcon_core.package_identification:_identify(src/ssd_lite_ros) by extension 'ignore'
[0.136s] Level 1:colcon.colcon_core.package_identification:_identify(src/ssd_lite_ros) by extension 'ignore_ament_install'
[0.136s] Level 1:colcon.colcon_core.package_identification:_identify(src/ssd_lite_ros) by extensions ['colcon_pkg']
[0.136s] Level 1:colcon.colcon_core.package_identification:_identify(src/ssd_lite_ros) by extension 'colcon_pkg'
[0.136s] Level 1:colcon.colcon_core.package_identification:_identify(src/ssd_lite_ros) by extensions ['colcon_meta']
[0.136s] Level 1:colcon.colcon_core.package_identification:_identify(src/ssd_lite_ros) by extension 'colcon_meta'
[0.136s] Level 1:colcon.colcon_core.package_identification:_identify(src/ssd_lite_ros) by extensions ['ros']
[0.136s] Level 1:colcon.colcon_core.package_identification:_identify(src/ssd_lite_ros) by extension 'ros'
[0.136s] DEBUG:colcon.colcon_core.package_identification:Package 'src/ssd_lite_ros' with type 'ros.ament_python' and name 'ssd_lite_ros'
[0.136s] Level 1:colcon.colcon_core.package_discovery:discover_packages(recursive) using defaults
[0.137s] Level 1:colcon.colcon_core.package_discovery:discover_packages(ignore) discover
[0.137s] Level 1:colcon.colcon_core.package_discovery:discover_packages(ignore) using defaults
[0.137s] Level 1:colcon.colcon_core.package_discovery:discover_packages(path) discover
[0.137s] Level 1:colcon.colcon_core.package_discovery:discover_packages(path) using defaults
[0.150s] Level 1:colcon.colcon_core.package_discovery:discover_packages(prefix_path) check parameters
[0.150s] Level 1:colcon.colcon_core.package_discovery:discover_packages(prefix_path) discover
[0.152s] DEBUG:colcon.colcon_installed_package_information.package_discovery:Found 400 installed packages in /opt/ros/jazzy
[0.152s] Level 1:colcon.colcon_core.package_discovery:discover_packages(prefix_path) using defaults
[0.185s] Level 5:colcon.colcon_core.verb:set package 'drone_control' build argument 'cmake_args' from command line to 'None'
[0.185s] Level 5:colcon.colcon_core.verb:set package 'drone_control' build argument 'cmake_target' from command line to 'None'
[0.185s] Level 5:colcon.colcon_core.verb:set package 'drone_control' build argument 'cmake_target_skip_unavailable' from command line to 'False'
[0.185s] Level 5:colcon.colcon_core.verb:set package 'drone_control' build argument 'cmake_clean_cache' from command line to 'False'
[0.185s] Level 5:colcon.colcon_core.verb:set package 'drone_control' build argument 'cmake_clean_first' from command line to 'False'
[0.185s] Level 5:colcon.colcon_core.verb:set package 'drone_control' build argument 'cmake_force_configure' from command line to 'False'
[0.185s] Level 5:colcon.colcon_core.verb:set package 'drone_control' build argument 'ament_cmake_args' from command line to 'None'
[0.185s] Level 5:colcon.colcon_core.verb:set package 'drone_control' build argument 'catkin_cmake_args' from command line to 'None'
[0.185s] Level 5:colcon.colcon_core.verb:set package 'drone_control' build argument 'catkin_skip_building_tests' from command line to 'False'
[0.185s] DEBUG:colcon.colcon_core.verb:Building package 'drone_control' with the following arguments: {'ament_cmake_args': None, 'build_base': '/home/atharv/swarm_ws/build/drone_control', 'catkin_cmake_args': None, 'catkin_skip_building_tests': False, 'cmake_args': None, 'cmake_clean_cache': False, 'cmake_clean_first': False, 'cmake_force_configure': False, 'cmake_target': None, 'cmake_target_skip_unavailable': False, 'install_base': '/home/atharv/swarm_ws/install/drone_control', 'merge_install': False, 'path': '/home/atharv/swarm_ws/src/drone_control', 'symlink_install': False, 'test_result_base': None}
[0.185s] Level 5:colcon.colcon_core.verb:set package 'drone_mapping' build argument 'cmake_args' from command line to 'None'
[0.185s] Level 5:colcon.colcon_core.verb:set package 'drone_mapping' build argument 'cmake_target' from command line to 'None'
[0.185s] Level 5:colcon.colcon_core.verb:set package 'drone_mapping' build argument 'cmake_target_skip_unavailable' from command line to 'False'
[0.185s] Level 5:colcon.colcon_core.verb:set package 'drone_mapping' build argument 'cmake_clean_cache' from command line to 'False'
[0.185s] Level 5:colcon.colcon_core.verb:set package 'drone_mapping' build argument 'cmake_clean_first' from command line to 'False'
[0.185s] Level 5:colcon.colcon_core.verb:set package 'drone_mapping' build argument 'cmake_force_configure' from command line to 'False'
[0.185s] Level 5:colcon.colcon_core.verb:set package 'drone_mapping' build argument 'ament_cmake_args' from command line to 'None'
[0.185s] Level 5:colcon.colcon_core.verb:set package 'drone_mapping' build argument 'catkin_cmake_args' from command line to 'None'
[0.185s] Level 5:colcon.colcon_core.verb:set package 'drone_mapping' build argument 'catkin_skip_building_tests' from command line to 'False'
[0.185s] DEBUG:colcon.colcon_core.verb:Building package 'drone_mapping' with the following arguments: {'ament_cmake_args': None, 'build_base': '/home/atharv/swarm_ws/build/drone_mapping', 'catkin_cmake_args': None, 'catkin_skip_building_tests': False, 'cmake_args': None, 'cmake_clean_cache': False, 'cmake_clean_first': False, 'cmake_force_configure': False, 'cmake_target': None, 'cmake_target_skip_unavailable': False, 'install_base': '/home/atharv/swarm_ws/install/drone_mapping', 'merge_install': False, 'path': '/home/atharv/swarm_ws/src/drone_mapping', 'symlink_install': False, 'test_result_base': None}
[0.185s] Level 5:colcon.colcon_core.verb:set package 'rf2o_laser_odometry' build argument 'cmake_args' from command line to 'None'
[0.185s] Level 5:colcon.colcon_core.verb:set package 'rf2o_laser_odometry' build argument 'cmake_target' from command line to 'None'
[0.185s] Level 5:colcon.colcon_core.verb:set package 'rf2o_laser_odometry' build argument 'cmake_target_skip_unavailable' from command line to 'False'
[0.185s] Level 5:colcon.colcon_core.verb:set package 'rf2o_laser_odometry' build argument 'cmake_clean_cache' from command line to 'False'
[0.185s] Level 5:colcon.colcon_core.verb:set package 'rf2o_laser_odometry' build argument 'cmake_clean_first' from command line to 'False'
[0.185s] Level 5:colcon.colcon_core.verb:set package 'rf2o_laser_odometry' build argument 'cmake_force_configure' from command line to 'False'
[0.185s] Level 5:colcon.colcon_core.verb:set package 'rf2o_laser_odometry' build argument 'ament_cmake_args' from command line to 'None'
[0.185s] Level 5:colcon.colcon_core.verb:set package 'rf2o_laser_odometry' build argument 'catkin_cmake_args' from command line to 'None'
[0.185s] Level 5:colcon.colcon_core.verb:set package 'rf2o_laser_odometry' build argument 'catkin_skip_building_tests' from command line to 'False'
[0.186s] DEBUG:colcon.colcon_core.verb:Building package 'rf2o_laser_odometry' with the following arguments: {'ament_cmake_args': None, 'build_base': '/home/atharv/swarm_ws/build/rf2o_laser_odometry', 'catkin_cmake_args': None, 'catkin_skip_building_tests': False, 'cmake_args': None, 'cmake_clean_cache': False, 'cmake_clean_first': False, 'cmake_force_configure': False, 'cmake_target': None, 'cmake_target_skip_unavailable': False, 'install_base': '/home/atharv/swarm_ws/install/rf2o_laser_odometry', 'merge_install': False, 'path': '/home/atharv/swarm_ws/src/rf2o_laser_odometry', 'symlink_install': False, 'test_result_base': None}
[0.186s] Level 5:colcon.colcon_core.verb:set package 'ssd_lite_ros' build argument 'cmake_args' from command line to 'None'
[0.186s] Level 5:colcon.colcon_core.verb:set package 'ssd_lite_ros' build argument 'cmake_target' from command line to 'None'
[0.186s] Level 5:colcon.colcon_core.verb:set package 'ssd_lite_ros' build argument 'cmake_target_skip_unavailable' from command line to 'False'
[0.186s] Level 5:colcon.colcon_core.verb:set package 'ssd_lite_ros' build argument 'cmake_clean_cache' from command line to 'False'
[0.186s] Level 5:colcon.colcon_core.verb:set package 'ssd_lite_ros' build argument 'cmake_clean_first' from command line to 'False'
[0.186s] Level 5:colcon.colcon_core.verb:set package 'ssd_lite_ros' build argument 'cmake_force_configure' from command line to 'False'
[0.186s] Level 5:colcon.colcon_core.verb:set package 'ssd_lite_ros' build argument 'ament_cmake_args' from command line to 'None'
[0.186s] Level 5:colcon.colcon_core.verb:set package 'ssd_lite_ros' build argument 'catkin_cmake_args' from command line to 'None'
[0.186s] Level 5:colcon.colcon_core.verb:set package 'ssd_lite_ros' build argument 'catkin_skip_building_tests' from command line to 'False'
[0.186s] DEBUG:colcon.colcon_core.verb:Building package 'ssd_lite_ros' with the following arguments: {'ament_cmake_args': None, 'build_base': '/home/atharv/swarm_ws/build/ssd_lite_ros', 'catkin_cmake_args': None, 'catkin_skip_building_tests': False, 'cmake_args': None, 'cmake_clean_cache': False, 'cmake_clean_first': False, 'cmake_force_configure': False, 'cmake_target': None, 'cmake_target_skip_unavailable': False, 'install_base': '/home/atharv/swarm_ws/install/ssd_lite_ros', 'merge_install': False, 'path': '/home/atharv/swarm_ws/src/ssd_lite_ros', 'symlink_install': False, 'test_result_base': None}
[0.186s] INFO:colcon.colcon_core.executor:Executing jobs using 'parallel' executor
[0.187s] DEBUG:colcon.colcon_parallel_executor.executor.parallel:run_until_complete
[0.187s] INFO:colcon.colcon_ros.task.ament_python.build:Building ROS package in '/home/atharv/swarm_ws/src/drone_control' with build type 'ament_python'
[0.187s] Level 1:colcon.colcon_core.shell:create_environment_hook('drone_control', 'ament_prefix_path')
[0.188s] INFO:colcon.colcon_core.plugin_system:Skipping extension 'colcon_core.shell.bat': Not used on non-Windows systems
[0.188s] INFO:colcon.colcon_core.shell:Creating environment hook '/home/atharv/swarm_ws/install/drone_control/share/drone_control/hook/ament_prefix_path.ps1'
[0.189s] INFO:colcon.colcon_core.shell:Creating environment descriptor '/home/atharv/swarm_ws/install/drone_control/share/drone_control/hook/ament_prefix_path.dsv'
[0.189s] INFO:colcon.colcon_core.shell:Creating environment hook '/home/atharv/swarm_ws/install/drone_control/share/drone_control/hook/ament_prefix_path.sh'
[0.189s] INFO:colcon.colcon_core.shell:Skip shell extension 'powershell' for command environment: Not usable outside of PowerShell
[0.189s] DEBUG:colcon.colcon_core.shell:Skip shell extension 'dsv' for command environment
[0.192s] INFO:colcon.colcon_ros.task.ament_python.build:Building ROS package in '/home/atharv/swarm_ws/src/drone_mapping' with build type 'ament_python'
[0.192s] Level 1:colcon.colcon_core.shell:create_environment_hook('drone_mapping', 'ament_prefix_path')
[0.193s] INFO:colcon.colcon_core.shell:Creating environment hook '/home/atharv/swarm_ws/install/drone_mapping/share/drone_mapping/hook/ament_prefix_path.ps1'
[0.193s] INFO:colcon.colcon_core.shell:Creating environment descriptor '/home/atharv/swarm_ws/install/drone_mapping/share/drone_mapping/hook/ament_prefix_path.dsv'
[0.194s] INFO:colcon.colcon_core.shell:Creating environment hook '/home/atharv/swarm_ws/install/drone_mapping/share/drone_mapping/hook/ament_prefix_path.sh'
[0.194s] INFO:colcon.colcon_core.shell:Skip shell extension 'powershell' for command environment: Not usable outside of PowerShell
[0.194s] DEBUG:colcon.colcon_core.shell:Skip shell extension 'dsv' for command environment
[0.196s] INFO:colcon.colcon_ros.task.ament_cmake.build:Building ROS package in '/home/atharv/swarm_ws/src/rf2o_laser_odometry' with build type 'ament_cmake'
[0.197s] INFO:colcon.colcon_cmake.task.cmake.build:Building CMake package in '/home/atharv/swarm_ws/src/rf2o_laser_odometry'
[0.197s] INFO:colcon.colcon_core.shell:Skip shell extension 'powershell' for command environment: Not usable outside of PowerShell
[0.197s] DEBUG:colcon.colcon_core.shell:Skip shell extension 'dsv' for command environment
[0.199s] INFO:colcon.colcon_ros.task.ament_python.build:Building ROS package in '/home/atharv/swarm_ws/src/ssd_lite_ros' with build type 'ament_python'
[0.199s] Level 1:colcon.colcon_core.shell:create_environment_hook('ssd_lite_ros', 'ament_prefix_path')
[0.200s] INFO:colcon.colcon_core.shell:Creating environment hook '/home/atharv/swarm_ws/install/ssd_lite_ros/share/ssd_lite_ros/hook/ament_prefix_path.ps1'
[0.200s] INFO:colcon.colcon_core.shell:Creating environment descriptor '/home/atharv/swarm_ws/install/ssd_lite_ros/share/ssd_lite_ros/hook/ament_prefix_path.dsv'
[0.200s] INFO:colcon.colcon_core.shell:Creating environment hook '/home/atharv/swarm_ws/install/ssd_lite_ros/share/ssd_lite_ros/hook/ament_prefix_path.sh'
[0.201s] INFO:colcon.colcon_core.shell:Skip shell extension 'powershell' for command environment: Not usable outside of PowerShell
[0.201s] DEBUG:colcon.colcon_core.shell:Skip shell extension 'dsv' for command environment
[0.389s] INFO:colcon.colcon_core.task.python.build:Building Python package in '/home/atharv/swarm_ws/src/drone_control'
[0.389s] INFO:colcon.colcon_core.shell:Skip shell extension 'powershell' for command environment: Not usable outside of PowerShell
[0.389s] DEBUG:colcon.colcon_core.shell:Skip shell extension 'dsv' for command environment
[0.585s] INFO:colcon.colcon_core.task.python.build:Building Python package in '/home/atharv/swarm_ws/src/drone_mapping'
[0.585s] INFO:colcon.colcon_core.shell:Skip shell extension 'powershell' for command environment: Not usable outside of PowerShell
[0.585s] DEBUG:colcon.colcon_core.shell:Skip shell extension 'dsv' for command environment
[0.590s] DEBUG:colcon.colcon_core.event_handler.log_command:Invoking command in '/home/atharv/swarm_ws/build/rf2o_laser_odometry': CMAKE_PREFIX_PATH=${CMAKE_PREFIX_PATH}:/opt/ros/jazzy DEBUGINFOD_URLS=https://debuginfod.ubuntu.com /usr/bin/cmake --build /home/atharv/swarm_ws/build/rf2o_laser_odometry -- -j12 -l12
[0.777s] INFO:colcon.colcon_core.task.python.build:Building Python package in '/home/atharv/swarm_ws/src/ssd_lite_ros'
[0.777s] INFO:colcon.colcon_core.shell:Skip shell extension 'powershell' for command environment: Not usable outside of PowerShell
[0.777s] DEBUG:colcon.colcon_core.shell:Skip shell extension 'dsv' for command environment
[0.784s] DEBUG:colcon.colcon_core.event_handler.log_command:Invoked command in '/home/atharv/swarm_ws/build/rf2o_laser_odometry' returned '0': CMAKE_PREFIX_PATH=${CMAKE_PREFIX_PATH}:/opt/ros/jazzy DEBUGINFOD_URLS=https://debuginfod.ubuntu.com /usr/bin/cmake --build /home/atharv/swarm_ws/build/rf2o_laser_odometry -- -j12 -l12
[0.796s] DEBUG:colcon.colcon_core.event_handler.log_command:Invoking command in '/home/atharv/swarm_ws/build/rf2o_laser_odometry': CMAKE_PREFIX_PATH=${CMAKE_PREFIX_PATH}:/opt/ros/jazzy DEBUGINFOD_URLS=https://debuginfod.ubuntu.com /usr/bin/cmake --install /home/atharv/swarm_ws/build/rf2o_laser_odometry
[0.806s] Level 1:colcon.colcon_core.environment:create_environment_scripts_only(rf2o_laser_odometry)
[0.807s] DEBUG:colcon.colcon_core.event_handler.log_command:Invoked command in '/home/atharv/swarm_ws/build/rf2o_laser_odometry' returned '0': CMAKE_PREFIX_PATH=${CMAKE_PREFIX_PATH}:/opt/ros/jazzy DEBUGINFOD_URLS=https://debuginfod.ubuntu.com /usr/bin/cmake --install /home/atharv/swarm_ws/build/rf2o_laser_odometry
[0.809s] Level 1:colcon.colcon_core.environment:checking '/home/atharv/swarm_ws/install/rf2o_laser_odometry' for CMake module files
[0.809s] Level 1:colcon.colcon_core.environment:checking '/home/atharv/swarm_ws/install/rf2o_laser_odometry' for CMake config files
[0.809s] Level 1:colcon.colcon_core.shell:create_environment_hook('rf2o_laser_odometry', 'cmake_prefix_path')
[0.809s] INFO:colcon.colcon_core.shell:Creating environment hook '/home/atharv/swarm_ws/install/rf2o_laser_odometry/share/rf2o_laser_odometry/hook/cmake_prefix_path.ps1'
[0.810s] INFO:colcon.colcon_core.shell:Creating environment descriptor '/home/atharv/swarm_ws/install/rf2o_laser_odometry/share/rf2o_laser_odometry/hook/cmake_prefix_path.dsv'
[0.810s] INFO:colcon.colcon_core.shell:Creating environment hook '/home/atharv/swarm_ws/install/rf2o_laser_odometry/share/rf2o_laser_odometry/hook/cmake_prefix_path.sh'
[0.811s] Level 1:colcon.colcon_core.environment:checking '/home/atharv/swarm_ws/install/rf2o_laser_odometry/lib'
[0.812s] Level 1:colcon.colcon_core.environment:checking '/home/atharv/swarm_ws/install/rf2o_laser_odometry/bin'
[0.812s] Level 1:colcon.colcon_core.environment:checking '/home/atharv/swarm_ws/install/rf2o_laser_odometry/lib/pkgconfig/rf2o_laser_odometry.pc'
[0.812s] Level 1:colcon.colcon_core.environment:checking '/home/atharv/swarm_ws/install/rf2o_laser_odometry/lib/python3.12/site-packages'
[0.812s] Level 1:colcon.colcon_core.environment:checking '/home/atharv/swarm_ws/install/rf2o_laser_odometry/bin'
[0.812s] INFO:colcon.colcon_core.shell:Creating package script '/home/atharv/swarm_ws/install/rf2o_laser_odometry/share/rf2o_laser_odometry/package.ps1'
[0.814s] INFO:colcon.colcon_core.shell:Creating package descriptor '/home/atharv/swarm_ws/install/rf2o_laser_odometry/share/rf2o_laser_odometry/package.dsv'
[0.814s] INFO:colcon.colcon_core.shell:Creating package script '/home/atharv/swarm_ws/install/rf2o_laser_odometry/share/rf2o_laser_odometry/package.sh'
[0.815s] INFO:colcon.colcon_core.shell:Creating package script '/home/atharv/swarm_ws/install/rf2o_laser_odometry/share/rf2o_laser_odometry/package.bash'
[0.816s] INFO:colcon.colcon_core.shell:Creating package script '/home/atharv/swarm_ws/install/rf2o_laser_odometry/share/rf2o_laser_odometry/package.zsh'
[0.816s] Level 1:colcon.colcon_core.environment:create_file_with_runtime_dependencies(/home/atharv/swarm_ws/install/rf2o_laser_odometry/share/colcon-core/packages/rf2o_laser_odometry)
[0.817s] Level 1:colcon.colcon_core.environment:create_environment_scripts_only(rf2o_laser_odometry)
[0.817s] Level 1:colcon.colcon_core.environment:checking '/home/atharv/swarm_ws/install/rf2o_laser_odometry' for CMake module files
[0.817s] Level 1:colcon.colcon_core.environment:checking '/home/atharv/swarm_ws/install/rf2o_laser_odometry' for CMake config files
[0.817s] Level 1:colcon.colcon_core.shell:create_environment_hook('rf2o_laser_odometry', 'cmake_prefix_path')
[0.817s] INFO:colcon.colcon_core.shell:Creating environment hook '/home/atharv/swarm_ws/install/rf2o_laser_odometry/share/rf2o_laser_odometry/hook/cmake_prefix_path.ps1'
[0.818s] INFO:colcon.colcon_core.shell:Creating environment descriptor '/home/atharv/swarm_ws/install/rf2o_laser_odometry/share/rf2o_laser_odometry/hook/cmake_prefix_path.dsv'
[0.818s] INFO:colcon.colcon_core.shell:Creating environment hook '/home/atharv/swarm_ws/install/rf2o_laser_odometry/share/rf2o_laser_odometry/hook/cmake_prefix_path.sh'
[0.818s] Level 1:colcon.colcon_core.environment:checking '/home/atharv/swarm_ws/install/rf2o_laser_odometry/lib'
[0.818s] Level 1:colcon.colcon_core.environment:checking '/home/atharv/swarm_ws/install/rf2o_laser_odometry/bin'
[0.819s] Level 1:colcon.colcon_core.environment:checking '/home/atharv/swarm_ws/install/rf2o_laser_odometry/lib/pkgconfig/rf2o_laser_odometry.pc'
[0.819s] Level 1:colcon.colcon_core.environment:checking '/home/atharv/swarm_ws/install/rf2o_laser_odometry/lib/python3.12/site-packages'
[0.819s] Level 1:colcon.colcon_core.environment:checking '/home/atharv/swarm_ws/install/rf2o_laser_odometry/bin'
[0.819s] INFO:colcon.colcon_core.shell:Creating package script '/home/atharv/swarm_ws/install/rf2o_laser_odometry/share/rf2o_laser_odometry/package.ps1'
[0.820s] INFO:colcon.colcon_core.shell:Creating package descriptor '/home/atharv/swarm_ws/install/rf2o_laser_odometry/share/rf2o_laser_odometry/package.dsv'
[0.821s] INFO:colcon.colcon_core.shell:Creating package script '/home/atharv/swarm_ws/install/rf2o_laser_odometry/share/rf2o_laser_odometry/package.sh'
[0.821s] INFO:colcon.colcon_core.shell:Creating package script '/home/atharv/swarm_ws/install/rf2o_laser_odometry/share/rf2o_laser_odometry/package.bash'
[0.821s] INFO:colcon.colcon_core.shell:Creating package script '/home/atharv/swarm_ws/install/rf2o_laser_odometry/share/rf2o_laser_odometry/package.zsh'
[0.822s] Level 1:colcon.colcon_core.environment:create_file_with_runtime_dependencies(/home/atharv/swarm_ws/install/rf2o_laser_odometry/share/colcon-core/packages/rf2o_laser_odometry)
[1.176s] DEBUG:colcon.colcon_core.task.python.build:Available setuptools commands: alias, sdist, install_data, build_py, rotate, easy_install, bdist_wheel, install_egg_info, bdist_rpm, extract_messages, build_ext, update_catalog, setopt, bdist_dumb, install_scripts, bdist, build_scripts, build_clib, install_headers, clean, symlink_data, develop, check, install_lib, bdist_egg, build, install, egg_info, saveopts, dist_info, compile_catalog, init_catalog, editable_wheel
[1.178s] DEBUG:colcon.colcon_core.event_handler.log_command:Invoking command in '/home/atharv/swarm_ws/src/drone_control': DEBUGINFOD_URLS=https://debuginfod.ubuntu.com PYTHONPATH=/home/atharv/swarm_ws/build/drone_control/prefix_override:/usr/lib/python3/dist-packages/colcon_core/task/python/colcon_distutils_commands:/home/atharv/swarm_ws/install/drone_control/lib/python3.12/site-packages:${PYTHONPATH} /usr/bin/python3 -W ignore:setup.py install is deprecated -W ignore:easy_install command is deprecated setup.py egg_info --egg-base ../../build/drone_control build --build-base /home/atharv/swarm_ws/build/drone_control/build install --record /home/atharv/swarm_ws/build/drone_control/install.log --install-scripts $base/lib/drone_control --single-version-externally-managed install_data
[1.178s] DEBUG:colcon.colcon_core.task.python.build:Available setuptools commands: alias, sdist, install_data, build_py, rotate, easy_install, bdist_wheel, install_egg_info, bdist_rpm, extract_messages, build_ext, update_catalog, setopt, bdist_dumb, install_scripts, bdist, build_scripts, build_clib, install_headers, clean, symlink_data, develop, check, install_lib, bdist_egg, build, install, egg_info, saveopts, dist_info, compile_catalog, init_catalog, editable_wheel
[1.181s] DEBUG:colcon.colcon_core.event_handler.log_command:Invoking command in '/home/atharv/swarm_ws/src/drone_mapping': DEBUGINFOD_URLS=https://debuginfod.ubuntu.com PYTHONPATH=/home/atharv/swarm_ws/build/drone_mapping/prefix_override:/usr/lib/python3/dist-packages/colcon_core/task/python/colcon_distutils_commands:/home/atharv/swarm_ws/install/drone_mapping/lib/python3.12/site-packages:${PYTHONPATH} /usr/bin/python3 -W ignore:setup.py install is deprecated -W ignore:easy_install command is deprecated setup.py egg_info --egg-base ../../build/drone_mapping build --build-base /home/atharv/swarm_ws/build/drone_mapping/build install --record /home/atharv/swarm_ws/build/drone_mapping/install.log --install-scripts $base/lib/drone_mapping --single-version-externally-managed install_data
[1.208s] DEBUG:colcon.colcon_core.task.python.build:Available setuptools commands: alias, sdist, install_data, build_py, rotate, easy_install, bdist_wheel, install_egg_info, bdist_rpm, extract_messages, build_ext, update_catalog, setopt, bdist_dumb, install_scripts, bdist, build_scripts, build_clib, install_headers, clean, symlink_data, develop, check, install_lib, bdist_egg, build, install, egg_info, saveopts, dist_info, compile_catalog, init_catalog, editable_wheel
[1.210s] DEBUG:colcon.colcon_core.event_handler.log_command:Invoking command in '/home/atharv/swarm_ws/src/ssd_lite_ros': DEBUGINFOD_URLS=https://debuginfod.ubuntu.com PYTHONPATH=/home/atharv/swarm_ws/build/ssd_lite_ros/prefix_override:/usr/lib/python3/dist-packages/colcon_core/task/python/colcon_distutils_commands:/home/atharv/swarm_ws/install/ssd_lite_ros/lib/python3.12/site-packages:${PYTHONPATH} /usr/bin/python3 -W ignore:setup.py install is deprecated -W ignore:easy_install command is deprecated setup.py egg_info --egg-base ../../build/ssd_lite_ros build --build-base /home/atharv/swarm_ws/build/ssd_lite_ros/build install --record /home/atharv/swarm_ws/build/ssd_lite_ros/install.log --install-scripts $base/lib/ssd_lite_ros --single-version-externally-managed install_data
[1.565s] Level 1:colcon.colcon_core.environment:checking '/home/atharv/swarm_ws/install/drone_mapping' for CMake module files
[1.566s] Level 1:colcon.colcon_core.environment:checking '/home/atharv/swarm_ws/install/drone_mapping' for CMake config files
[1.566s] Level 1:colcon.colcon_core.environment:checking '/home/atharv/swarm_ws/install/drone_mapping/lib'
[1.566s] Level 1:colcon.colcon_core.environment:checking '/home/atharv/swarm_ws/install/drone_mapping/bin'
[1.566s] Level 1:colcon.colcon_core.environment:checking '/home/atharv/swarm_ws/install/drone_mapping/lib/pkgconfig/drone_mapping.pc'
[1.566s] Level 1:colcon.colcon_core.environment:checking '/home/atharv/swarm_ws/install/drone_mapping/lib/python3.12/site-packages'
[1.567s] Level 1:colcon.colcon_core.shell:create_environment_hook('drone_mapping', 'pythonpath')
[1.567s] INFO:colcon.colcon_core.shell:Creating environment hook '/home/atharv/swarm_ws/install/drone_mapping/share/drone_mapping/hook/pythonpath.ps1'
[1.567s] DEBUG:colcon.colcon_core.event_handler.log_command:Invoked command in '/home/atharv/swarm_ws/src/drone_mapping' returned '0': DEBUGINFOD_URLS=https://debuginfod.ubuntu.com PYTHONPATH=/home/atharv/swarm_ws/build/drone_mapping/prefix_override:/usr/lib/python3/dist-packages/colcon_core/task/python/colcon_distutils_commands:/home/atharv/swarm_ws/install/drone_mapping/lib/python3.12/site-packages:${PYTHONPATH} /usr/bin/python3 -W ignore:setup.py install is deprecated -W ignore:easy_install command is deprecated setup.py egg_info --egg-base ../../build/drone_mapping build --build-base /home/atharv/swarm_ws/build/drone_mapping/build install --record /home/atharv/swarm_ws/build/drone_mapping/install.log --install-scripts $base/lib/drone_mapping --single-version-externally-managed install_data
[1.567s] INFO:colcon.colcon_core.shell:Creating environment descriptor '/home/atharv/swarm_ws/install/drone_mapping/share/drone_mapping/hook/pythonpath.dsv'
[1.567s] INFO:colcon.colcon_core.shell:Creating environment hook '/home/atharv/swarm_ws/install/drone_mapping/share/drone_mapping/hook/pythonpath.sh'
[1.568s] Level 1:colcon.colcon_core.environment:checking '/home/atharv/swarm_ws/install/drone_mapping/bin'
[1.568s] Level 1:colcon.colcon_core.environment:create_environment_scripts_only(drone_mapping)
[1.568s] INFO:colcon.colcon_core.shell:Creating package script '/home/atharv/swarm_ws/install/drone_mapping/share/drone_mapping/package.ps1'
[1.568s] INFO:colcon.colcon_core.shell:Creating package descriptor '/home/atharv/swarm_ws/install/drone_mapping/share/drone_mapping/package.dsv'
[1.569s] INFO:colcon.colcon_core.shell:Creating package script '/home/atharv/swarm_ws/install/drone_mapping/share/drone_mapping/package.sh'
[1.569s] INFO:colcon.colcon_core.shell:Creating package script '/home/atharv/swarm_ws/install/drone_mapping/share/drone_mapping/package.bash'
[1.569s] INFO:colcon.colcon_core.shell:Creating package script '/home/atharv/swarm_ws/install/drone_mapping/share/drone_mapping/package.zsh'
[1.569s] Level 1:colcon.colcon_core.environment:create_file_with_runtime_dependencies(/home/atharv/swarm_ws/install/drone_mapping/share/colcon-core/packages/drone_mapping)
[1.571s] Level 1:colcon.colcon_core.environment:checking '/home/atharv/swarm_ws/install/drone_control' for CMake module files
[1.572s] DEBUG:colcon.colcon_core.event_handler.log_command:Invoked command in '/home/atharv/swarm_ws/src/drone_control' returned '0': DEBUGINFOD_URLS=https://debuginfod.ubuntu.com PYTHONPATH=/home/atharv/swarm_ws/build/drone_control/prefix_override:/usr/lib/python3/dist-packages/colcon_core/task/python/colcon_distutils_commands:/home/atharv/swarm_ws/install/drone_control/lib/python3.12/site-packages:${PYTHONPATH} /usr/bin/python3 -W ignore:setup.py install is deprecated -W ignore:easy_install command is deprecated setup.py egg_info --egg-base ../../build/drone_control build --build-base /home/atharv/swarm_ws/build/drone_control/build install --record /home/atharv/swarm_ws/build/drone_control/install.log --install-scripts $base/lib/drone_control --single-version-externally-managed install_data
[1.572s] Level 1:colcon.colcon_core.environment:checking '/home/atharv/swarm_ws/install/drone_control' for CMake config files
[1.572s] Level 1:colcon.colcon_core.environment:checking '/home/atharv/swarm_ws/install/drone_control/lib'
[1.572s] Level 1:colcon.colcon_core.environment:checking '/home/atharv/swarm_ws/install/drone_control/bin'
[1.572s] Level 1:colcon.colcon_core.environment:checking '/home/atharv/swarm_ws/install/drone_control/lib/pkgconfig/drone_control.pc'
[1.572s] Level 1:colcon.colcon_core.environment:checking '/home/atharv/swarm_ws/install/drone_control/lib/python3.12/site-packages'
[1.573s] Level 1:colcon.colcon_core.shell:create_environment_hook('drone_control', 'pythonpath')
[1.573s] INFO:colcon.colcon_core.shell:Creating environment hook '/home/atharv/swarm_ws/install/drone_control/share/drone_control/hook/pythonpath.ps1'
[1.573s] INFO:colcon.colcon_core.shell:Creating environment descriptor '/home/atharv/swarm_ws/install/drone_control/share/drone_control/hook/pythonpath.dsv'
[1.573s] INFO:colcon.colcon_core.shell:Creating environment hook '/home/atharv/swarm_ws/install/drone_control/share/drone_control/hook/pythonpath.sh'
[1.574s] Level 1:colcon.colcon_core.environment:checking '/home/atharv/swarm_ws/install/drone_control/bin'
[1.574s] Level 1:colcon.colcon_core.environment:create_environment_scripts_only(drone_control)
[1.574s] INFO:colcon.colcon_core.shell:Creating package script '/home/atharv/swarm_ws/install/drone_control/share/drone_control/package.ps1'
[1.575s] INFO:colcon.colcon_core.shell:Creating package descriptor '/home/atharv/swarm_ws/install/drone_control/share/drone_control/package.dsv'
[1.576s] INFO:colcon.colcon_core.shell:Creating package script '/home/atharv/swarm_ws/install/drone_control/share/drone_control/package.sh'
[1.576s] INFO:colcon.colcon_core.shell:Creating package script '/home/atharv/swarm_ws/install/drone_control/share/drone_control/package.bash'
[1.576s] INFO:colcon.colcon_core.shell:Creating package script '/home/atharv/swarm_ws/install/drone_control/share/drone_control/package.zsh'
[1.576s] Level 1:colcon.colcon_core.environment:create_file_with_runtime_dependencies(/home/atharv/swarm_ws/install/drone_control/share/colcon-core/packages/drone_control)
[1.598s] Level 1:colcon.colcon_core.environment:checking '/home/atharv/swarm_ws/install/ssd_lite_ros' for CMake module files
[1.598s] DEBUG:colcon.colcon_core.event_handler.log_command:Invoked command in '/home/atharv/swarm_ws/src/ssd_lite_ros' returned '0': DEBUGINFOD_URLS=https://debuginfod.ubuntu.com PYTHONPATH=/home/atharv/swarm_ws/build/ssd_lite_ros/prefix_override:/usr/lib/python3/dist-packages/colcon_core/task/python/colcon_distutils_commands:/home/atharv/swarm_ws/install/ssd_lite_ros/lib/python3.12/site-packages:${PYTHONPATH} /usr/bin/python3 -W ignore:setup.py install is deprecated -W ignore:easy_install command is deprecated setup.py egg_info --egg-base ../../build/ssd_lite_ros build --build-base /home/atharv/swarm_ws/build/ssd_lite_ros/build install --record /home/atharv/swarm_ws/build/ssd_lite_ros/install.log --install-scripts $base/lib/ssd_lite_ros --single-version-externally-managed install_data
[1.598s] Level 1:colcon.colcon_core.environment:checking '/home/atharv/swarm_ws/install/ssd_lite_ros' for CMake config files
[1.599s] Level 1:colcon.colcon_core.environment:checking '/home/atharv/swarm_ws/install/ssd_lite_ros/lib'
[1.599s] Level 1:colcon.colcon_core.environment:checking '/home/atharv/swarm_ws/install/ssd_lite_ros/bin'
[1.599s] Level 1:colcon.colcon_core.environment:checking '/home/atharv/swarm_ws/install/ssd_lite_ros/lib/pkgconfig/ssd_lite_ros.pc'
[1.599s] Level 1:colcon.colcon_core.environment:checking '/home/atharv/swarm_ws/install/ssd_lite_ros/lib/python3.12/site-packages'
[1.599s] Level 1:colcon.colcon_core.shell:create_environment_hook('ssd_lite_ros', 'pythonpath')
[1.599s] INFO:colcon.colcon_core.shell:Creating environment hook '/home/atharv/swarm_ws/install/ssd_lite_ros/share/ssd_lite_ros/hook/pythonpath.ps1'
[1.599s] INFO:colcon.colcon_core.shell:Creating environment descriptor '/home/atharv/swarm_ws/install/ssd_lite_ros/share/ssd_lite_ros/hook/pythonpath.dsv'
[1.600s] INFO:colcon.colcon_core.shell:Creating environment hook '/home/atharv/swarm_ws/install/ssd_lite_ros/share/ssd_lite_ros/hook/pythonpath.sh'
[1.600s] Level 1:colcon.colcon_core.environment:checking '/home/atharv/swarm_ws/install/ssd_lite_ros/bin'
[1.600s] Level 1:colcon.colcon_core.environment:create_environment_scripts_only(ssd_lite_ros)
[1.600s] INFO:colcon.colcon_core.shell:Creating package script '/home/atharv/swarm_ws/install/ssd_lite_ros/share/ssd_lite_ros/package.ps1'
[1.601s] INFO:colcon.colcon_core.shell:Creating package descriptor '/home/atharv/swarm_ws/install/ssd_lite_ros/share/ssd_lite_ros/package.dsv'
[1.601s] INFO:colcon.colcon_core.shell:Creating package script '/home/atharv/swarm_ws/install/ssd_lite_ros/share/ssd_lite_ros/package.sh'
[1.601s] INFO:colcon.colcon_core.shell:Creating package script '/home/atharv/swarm_ws/install/ssd_lite_ros/share/ssd_lite_ros/package.bash'
[1.601s] INFO:colcon.colcon_core.shell:Creating package script '/home/atharv/swarm_ws/install/ssd_lite_ros/share/ssd_lite_ros/package.zsh'
[1.602s] Level 1:colcon.colcon_core.environment:create_file_with_runtime_dependencies(/home/atharv/swarm_ws/install/ssd_lite_ros/share/colcon-core/packages/ssd_lite_ros)
[1.602s] DEBUG:colcon.colcon_parallel_executor.executor.parallel:closing loop
[1.602s] DEBUG:colcon.colcon_parallel_executor.executor.parallel:loop closed
[1.602s] DEBUG:colcon.colcon_parallel_executor.executor.parallel:run_until_complete finished with '0'
[1.602s] DEBUG:colcon.colcon_core.event_reactor:joining thread
[1.621s] INFO:colcon.colcon_core.plugin_system:Skipping extension 'colcon_notification.desktop_notification.terminal_notifier': Not used on non-Darwin systems
[1.621s] INFO:colcon.colcon_core.plugin_system:Skipping extension 'colcon_notification.desktop_notification.win32': Not used on non-Windows systems
[1.621s] INFO:colcon.colcon_notification.desktop_notification:Sending desktop notification using 'notify2'
[1.639s] DEBUG:colcon.colcon_core.event_reactor:joined thread
[1.639s] INFO:colcon.colcon_core.shell:Creating prefix script '/home/atharv/swarm_ws/install/local_setup.ps1'
[1.641s] INFO:colcon.colcon_core.shell:Creating prefix util module '/home/atharv/swarm_ws/install/_local_setup_util_ps1.py'
[1.642s] INFO:colcon.colcon_core.shell:Creating prefix chain script '/home/atharv/swarm_ws/install/setup.ps1'
[1.644s] INFO:colcon.colcon_core.shell:Creating prefix script '/home/atharv/swarm_ws/install/local_setup.sh'
[1.645s] INFO:colcon.colcon_core.shell:Creating prefix util module '/home/atharv/swarm_ws/install/_local_setup_util_sh.py'
[1.646s] INFO:colcon.colcon_core.shell:Creating prefix chain script '/home/atharv/swarm_ws/install/setup.sh'
[1.648s] INFO:colcon.colcon_core.shell:Creating prefix script '/home/atharv/swarm_ws/install/local_setup.bash'
[1.648s] INFO:colcon.colcon_core.shell:Creating prefix chain script '/home/atharv/swarm_ws/install/setup.bash'
[1.651s] INFO:colcon.colcon_core.shell:Creating prefix script '/home/atharv/swarm_ws/install/local_setup.zsh'
[1.651s] INFO:colcon.colcon_core.shell:Creating prefix chain script '/home/atharv/swarm_ws/install/setup.zsh'
