[0.909s] Invoking command in '/home/atharv/swarm_ws/src/drone_mapping': DEBUGINFOD_URLS=https://debuginfod.ubuntu.com PYTHONPATH=/home/atharv/swarm_ws/build/drone_mapping/prefix_override:/usr/lib/python3/dist-packages/colcon_core/task/python/colcon_distutils_commands:/home/atharv/swarm_ws/install/drone_mapping/lib/python3.12/site-packages:${PYTHONPATH} /usr/bin/python3 -W ignore:setup.py install is deprecated -W ignore:easy_install command is deprecated setup.py egg_info --egg-base ../../build/drone_mapping build --build-base /home/atharv/swarm_ws/build/drone_mapping/build install --record /home/atharv/swarm_ws/build/drone_mapping/install.log --install-scripts $base/lib/drone_mapping --single-version-externally-managed install_data
[1.240s] running egg_info
[1.260s] writing ../../build/drone_mapping/drone_mapping.egg-info/PKG-INFO
[1.260s] writing dependency_links to ../../build/drone_mapping/drone_mapping.egg-info/dependency_links.txt
[1.260s] writing entry points to ../../build/drone_mapping/drone_mapping.egg-info/entry_points.txt
[1.261s] writing requirements to ../../build/drone_mapping/drone_mapping.egg-info/requires.txt
[1.261s] writing top-level names to ../../build/drone_mapping/drone_mapping.egg-info/top_level.txt
[1.310s] reading manifest file '../../build/drone_mapping/drone_mapping.egg-info/SOURCES.txt'
[1.312s] writing manifest file '../../build/drone_mapping/drone_mapping.egg-info/SOURCES.txt'
[1.313s] running build
[1.313s] running build_py
[1.313s] copying drone_mapping/vio_to_ardupilot.py -> /home/atharv/swarm_ws/build/drone_mapping/build/lib/drone_mapping
[1.314s] running install
[1.319s] running install_lib
[1.345s] copying /home/atharv/swarm_ws/build/drone_mapping/build/lib/drone_mapping/vio_to_ardupilot.py -> /home/atharv/swarm_ws/install/drone_mapping/lib/python3.12/site-packages/drone_mapping
[1.345s] byte-compiling /home/atharv/swarm_ws/install/drone_mapping/lib/python3.12/site-packages/drone_mapping/vio_to_ardupilot.py to vio_to_ardupilot.cpython-312.pyc
[1.348s] running install_data
[1.348s] copying launch/beta_stack.launch.py -> /home/atharv/swarm_ws/install/drone_mapping/share/drone_mapping/launch
[1.348s] running install_egg_info
[1.373s] removing '/home/atharv/swarm_ws/install/drone_mapping/lib/python3.12/site-packages/drone_mapping-0.0.0-py3.12.egg-info' (and everything under it)
[1.373s] Copying ../../build/drone_mapping/drone_mapping.egg-info to /home/atharv/swarm_ws/install/drone_mapping/lib/python3.12/site-packages/drone_mapping-0.0.0-py3.12.egg-info
[1.374s] running install_scripts
[1.435s] Installing optical_flow script to /home/atharv/swarm_ws/install/drone_mapping/lib/drone_mapping
[1.435s] Installing pose_to_tf script to /home/atharv/swarm_ws/install/drone_mapping/lib/drone_mapping
[1.435s] Installing vio_to_ardupilot script to /home/atharv/swarm_ws/install/drone_mapping/lib/drone_mapping
[1.436s] writing list of installed files to '/home/atharv/swarm_ws/build/drone_mapping/install.log'
[1.507s] Invoked command in '/home/atharv/swarm_ws/src/drone_mapping' returned '0': DEBUGINFOD_URLS=https://debuginfod.ubuntu.com PYTHONPATH=/home/atharv/swarm_ws/build/drone_mapping/prefix_override:/usr/lib/python3/dist-packages/colcon_core/task/python/colcon_distutils_commands:/home/atharv/swarm_ws/install/drone_mapping/lib/python3.12/site-packages:${PYTHONPATH} /usr/bin/python3 -W ignore:setup.py install is deprecated -W ignore:easy_install command is deprecated setup.py egg_info --egg-base ../../build/drone_mapping build --build-base /home/atharv/swarm_ws/build/drone_mapping/build install --record /home/atharv/swarm_ws/build/drone_mapping/install.log --install-scripts $base/lib/drone_mapping --single-version-externally-managed install_data
