[0.544s] Invoking command in '/home/atharv/swarm_ws/src/drone_mapping': DEBUGINFOD_URLS=https://debuginfod.ubuntu.com PYTHONPATH=/home/atharv/swarm_ws/build/drone_mapping/prefix_override:/usr/lib/python3/dist-packages/colcon_core/task/python/colcon_distutils_commands:/home/atharv/swarm_ws/install/drone_mapping/lib/python3.12/site-packages:${PYTHONPATH} /usr/bin/python3 -W ignore:setup.py install is deprecated -W ignore:easy_install command is deprecated setup.py egg_info --egg-base ../../build/drone_mapping build --build-base /home/atharv/swarm_ws/build/drone_mapping/build install --record /home/atharv/swarm_ws/build/drone_mapping/install.log --install-scripts $base/lib/drone_mapping --single-version-externally-managed install_data
[0.732s] running egg_info
[0.745s] writing ../../build/drone_mapping/drone_mapping.egg-info/PKG-INFO
[0.750s] writing dependency_links to ../../build/drone_mapping/drone_mapping.egg-info/dependency_links.txt
[0.750s] writing entry points to ../../build/drone_mapping/drone_mapping.egg-info/entry_points.txt
[0.750s] writing requirements to ../../build/drone_mapping/drone_mapping.egg-info/requires.txt
[0.750s] writing top-level names to ../../build/drone_mapping/drone_mapping.egg-info/top_level.txt
[0.778s] reading manifest file '../../build/drone_mapping/drone_mapping.egg-info/SOURCES.txt'
[0.779s] writing manifest file '../../build/drone_mapping/drone_mapping.egg-info/SOURCES.txt'
[0.779s] running build
[0.779s] running build_py
[0.780s] copying drone_mapping/vio_to_ardupilot.py -> /home/atharv/swarm_ws/build/drone_mapping/build/lib/drone_mapping
[0.780s] running install
[0.783s] running install_lib
[0.797s] copying /home/atharv/swarm_ws/build/drone_mapping/build/lib/drone_mapping/vio_to_ardupilot.py -> /home/atharv/swarm_ws/install/drone_mapping/lib/python3.12/site-packages/drone_mapping
[0.797s] byte-compiling /home/atharv/swarm_ws/install/drone_mapping/lib/python3.12/site-packages/drone_mapping/vio_to_ardupilot.py to vio_to_ardupilot.cpython-312.pyc
[0.798s] running install_data
[0.798s] running install_egg_info
[0.812s] removing '/home/atharv/swarm_ws/install/drone_mapping/lib/python3.12/site-packages/drone_mapping-0.0.0-py3.12.egg-info' (and everything under it)
[0.812s] Copying ../../build/drone_mapping/drone_mapping.egg-info to /home/atharv/swarm_ws/install/drone_mapping/lib/python3.12/site-packages/drone_mapping-0.0.0-py3.12.egg-info
[0.812s] running install_scripts
[0.842s] Installing optical_flow script to /home/atharv/swarm_ws/install/drone_mapping/lib/drone_mapping
[0.843s] Installing pose_to_tf script to /home/atharv/swarm_ws/install/drone_mapping/lib/drone_mapping
[0.843s] Installing vio_to_ardupilot script to /home/atharv/swarm_ws/install/drone_mapping/lib/drone_mapping
[0.843s] writing list of installed files to '/home/atharv/swarm_ws/build/drone_mapping/install.log'
[0.889s] Invoked command in '/home/atharv/swarm_ws/src/drone_mapping' returned '0': DEBUGINFOD_URLS=https://debuginfod.ubuntu.com PYTHONPATH=/home/atharv/swarm_ws/build/drone_mapping/prefix_override:/usr/lib/python3/dist-packages/colcon_core/task/python/colcon_distutils_commands:/home/atharv/swarm_ws/install/drone_mapping/lib/python3.12/site-packages:${PYTHONPATH} /usr/bin/python3 -W ignore:setup.py install is deprecated -W ignore:easy_install command is deprecated setup.py egg_info --egg-base ../../build/drone_mapping build --build-base /home/atharv/swarm_ws/build/drone_mapping/build install --record /home/atharv/swarm_ws/build/drone_mapping/install.log --install-scripts $base/lib/drone_mapping --single-version-externally-managed install_data
