/home/atharv/swarm_ws/install/drone_control/lib/python3.12/site-packages/drone_control/__init__.py
/home/atharv/swarm_ws/install/drone_control/lib/python3.12/site-packages/drone_control/teleop_node.py
/home/atharv/swarm_ws/install/drone_control/lib/python3.12/site-packages/drone_control/diagnostic_recorder.py
/home/atharv/swarm_ws/install/drone_control/lib/python3.12/site-packages/drone_control/autonomous_script.py
/home/atharv/swarm_ws/install/drone_control/lib/python3.12/site-packages/drone_control/hover_script.py
/home/atharv/swarm_ws/install/drone_control/lib/python3.12/site-packages/drone_control/scan_stabilizer.py
/home/atharv/swarm_ws/install/drone_control/lib/python3.12/site-packages/drone_control/frontier_exploration.py
/home/atharv/swarm_ws/install/drone_control/lib/python3.12/site-packages/drone_control/arm_disarm_script.py
/home/atharv/swarm_ws/install/drone_control/lib/python3.12/site-packages/drone_control/__pycache__/__init__.cpython-312.pyc
/home/atharv/swarm_ws/install/drone_control/lib/python3.12/site-packages/drone_control/__pycache__/teleop_node.cpython-312.pyc
/home/atharv/swarm_ws/install/drone_control/lib/python3.12/site-packages/drone_control/__pycache__/diagnostic_recorder.cpython-312.pyc
/home/atharv/swarm_ws/install/drone_control/lib/python3.12/site-packages/drone_control/__pycache__/autonomous_script.cpython-312.pyc
/home/atharv/swarm_ws/install/drone_control/lib/python3.12/site-packages/drone_control/__pycache__/hover_script.cpython-312.pyc
/home/atharv/swarm_ws/install/drone_control/lib/python3.12/site-packages/drone_control/__pycache__/scan_stabilizer.cpython-312.pyc
/home/atharv/swarm_ws/install/drone_control/lib/python3.12/site-packages/drone_control/__pycache__/frontier_exploration.cpython-312.pyc
/home/atharv/swarm_ws/install/drone_control/lib/python3.12/site-packages/drone_control/__pycache__/arm_disarm_script.cpython-312.pyc
/home/atharv/swarm_ws/install/drone_control/share/ament_index/resource_index/packages/drone_control
/home/atharv/swarm_ws/install/drone_control/share/drone_control/package.xml
/home/atharv/swarm_ws/install/drone_control/lib/python3.12/site-packages/drone_control-0.0.0-py3.12.egg-info/PKG-INFO
/home/atharv/swarm_ws/install/drone_control/lib/python3.12/site-packages/drone_control-0.0.0-py3.12.egg-info/entry_points.txt
/home/atharv/swarm_ws/install/drone_control/lib/python3.12/site-packages/drone_control-0.0.0-py3.12.egg-info/requires.txt
/home/atharv/swarm_ws/install/drone_control/lib/python3.12/site-packages/drone_control-0.0.0-py3.12.egg-info/zip-safe
/home/atharv/swarm_ws/install/drone_control/lib/python3.12/site-packages/drone_control-0.0.0-py3.12.egg-info/SOURCES.txt
/home/atharv/swarm_ws/install/drone_control/lib/python3.12/site-packages/drone_control-0.0.0-py3.12.egg-info/dependency_links.txt
/home/atharv/swarm_ws/install/drone_control/lib/python3.12/site-packages/drone_control-0.0.0-py3.12.egg-info/top_level.txt
/home/atharv/swarm_ws/install/drone_control/lib/drone_control/autonomous_script
/home/atharv/swarm_ws/install/drone_control/lib/drone_control/frontier_exploration
/home/atharv/swarm_ws/install/drone_control/lib/drone_control/teleop_node
