[1.010s] Invoking command in '/home/atharv/swarm_ws/src/ssd_lite_ros': DEBUGINFOD_URLS=https://debuginfod.ubuntu.com PYTHONPATH=/home/atharv/swarm_ws/build/ssd_lite_ros/prefix_override:/usr/lib/python3/dist-packages/colcon_core/task/python/colcon_distutils_commands:/home/atharv/swarm_ws/install/ssd_lite_ros/lib/python3.12/site-packages:${PYTHONPATH} /usr/bin/python3 -W ignore:setup.py install is deprecated -W ignore:easy_install command is deprecated setup.py egg_info --egg-base ../../build/ssd_lite_ros build --build-base /home/atharv/swarm_ws/build/ssd_lite_ros/build install --record /home/atharv/swarm_ws/build/ssd_lite_ros/install.log --install-scripts $base/lib/ssd_lite_ros --single-version-externally-managed install_data
[1.244s] running egg_info
[1.259s] writing ../../build/ssd_lite_ros/ssd_lite_ros.egg-info/PKG-INFO
[1.260s] writing dependency_links to ../../build/ssd_lite_ros/ssd_lite_ros.egg-info/dependency_links.txt
[1.261s] writing entry points to ../../build/ssd_lite_ros/ssd_lite_ros.egg-info/entry_points.txt
[1.261s] writing requirements to ../../build/ssd_lite_ros/ssd_lite_ros.egg-info/requires.txt
[1.261s] writing top-level names to ../../build/ssd_lite_ros/ssd_lite_ros.egg-info/top_level.txt
[1.292s] reading manifest file '../../build/ssd_lite_ros/ssd_lite_ros.egg-info/SOURCES.txt'
[1.294s] writing manifest file '../../build/ssd_lite_ros/ssd_lite_ros.egg-info/SOURCES.txt'
[1.294s] running build
[1.294s] running build_py
[1.294s] running install
[1.298s] running install_lib
[1.314s] running install_data
[1.315s] running install_egg_info
[1.330s] removing '/home/atharv/swarm_ws/install/ssd_lite_ros/lib/python3.12/site-packages/ssd_lite_ros-0.0.0-py3.12.egg-info' (and everything under it)
[1.330s] Copying ../../build/ssd_lite_ros/ssd_lite_ros.egg-info to /home/atharv/swarm_ws/install/ssd_lite_ros/lib/python3.12/site-packages/ssd_lite_ros-0.0.0-py3.12.egg-info
[1.331s] running install_scripts
[1.367s] Installing camera_publisher script to /home/atharv/swarm_ws/install/ssd_lite_ros/lib/ssd_lite_ros
[1.368s] Installing person_detector script to /home/atharv/swarm_ws/install/ssd_lite_ros/lib/ssd_lite_ros
[1.368s] writing list of installed files to '/home/atharv/swarm_ws/build/ssd_lite_ros/install.log'
[1.398s] Invoked command in '/home/atharv/swarm_ws/src/ssd_lite_ros' returned '0': DEBUGINFOD_URLS=https://debuginfod.ubuntu.com PYTHONPATH=/home/atharv/swarm_ws/build/ssd_lite_ros/prefix_override:/usr/lib/python3/dist-packages/colcon_core/task/python/colcon_distutils_commands:/home/atharv/swarm_ws/install/ssd_lite_ros/lib/python3.12/site-packages:${PYTHONPATH} /usr/bin/python3 -W ignore:setup.py install is deprecated -W ignore:easy_install command is deprecated setup.py egg_info --egg-base ../../build/ssd_lite_ros build --build-base /home/atharv/swarm_ws/build/ssd_lite_ros/build install --record /home/atharv/swarm_ws/build/ssd_lite_ros/install.log --install-scripts $base/lib/ssd_lite_ros --single-version-externally-managed install_data
